Archive member included to satisfy reference by file (symbol)

C:/ST/STM32CubeIDE_1.19.0/STM32CubeIDE/plugins/com.st.stm32cube.ide.mcu.externaltools.gnu-tools-for-stm32.13.3.rel1.win32_1.0.0.202411081344/tools/bin/../lib/gcc/arm-none-eabi/13.3.1/../../../../arm-none-eabi/lib/thumb/v7e-m+fp/hard\libc_nano.a(libc_a-exit.o)
                              C:/ST/STM32CubeIDE_1.19.0/STM32CubeIDE/plugins/com.st.stm32cube.ide.mcu.externaltools.gnu-tools-for-stm32.13.3.rel1.win32_1.0.0.202411081344/tools/bin/../lib/gcc/arm-none-eabi/13.3.1/../../../../arm-none-eabi/lib/thumb/v7e-m+fp/hard/crt0.o (exit)
C:/ST/STM32CubeIDE_1.19.0/STM32CubeIDE/plugins/com.st.stm32cube.ide.mcu.externaltools.gnu-tools-for-stm32.13.3.rel1.win32_1.0.0.202411081344/tools/bin/../lib/gcc/arm-none-eabi/13.3.1/../../../../arm-none-eabi/lib/thumb/v7e-m+fp/hard\libc_nano.a(libc_a-findfp.o)
                              C:/ST/STM32CubeIDE_1.19.0/STM32CubeIDE/plugins/com.st.stm32cube.ide.mcu.externaltools.gnu-tools-for-stm32.13.3.rel1.win32_1.0.0.202411081344/tools/bin/../lib/gcc/arm-none-eabi/13.3.1/../../../../arm-none-eabi/lib/thumb/v7e-m+fp/hard\libc_nano.a(libc_a-exit.o) (__stdio_exit_handler)
C:/ST/STM32CubeIDE_1.19.0/STM32CubeIDE/plugins/com.st.stm32cube.ide.mcu.externaltools.gnu-tools-for-stm32.13.3.rel1.win32_1.0.0.202411081344/tools/bin/../lib/gcc/arm-none-eabi/13.3.1/../../../../arm-none-eabi/lib/thumb/v7e-m+fp/hard\libc_nano.a(libc_a-fwalk.o)
                              C:/ST/STM32CubeIDE_1.19.0/STM32CubeIDE/plugins/com.st.stm32cube.ide.mcu.externaltools.gnu-tools-for-stm32.13.3.rel1.win32_1.0.0.202411081344/tools/bin/../lib/gcc/arm-none-eabi/13.3.1/../../../../arm-none-eabi/lib/thumb/v7e-m+fp/hard\libc_nano.a(libc_a-findfp.o) (_fwalk_sglue)
C:/ST/STM32CubeIDE_1.19.0/STM32CubeIDE/plugins/com.st.stm32cube.ide.mcu.externaltools.gnu-tools-for-stm32.13.3.rel1.win32_1.0.0.202411081344/tools/bin/../lib/gcc/arm-none-eabi/13.3.1/../../../../arm-none-eabi/lib/thumb/v7e-m+fp/hard\libc_nano.a(libc_a-stdio.o)
                              C:/ST/STM32CubeIDE_1.19.0/STM32CubeIDE/plugins/com.st.stm32cube.ide.mcu.externaltools.gnu-tools-for-stm32.13.3.rel1.win32_1.0.0.202411081344/tools/bin/../lib/gcc/arm-none-eabi/13.3.1/../../../../arm-none-eabi/lib/thumb/v7e-m+fp/hard\libc_nano.a(libc_a-findfp.o) (__sread)
C:/ST/STM32CubeIDE_1.19.0/STM32CubeIDE/plugins/com.st.stm32cube.ide.mcu.externaltools.gnu-tools-for-stm32.13.3.rel1.win32_1.0.0.202411081344/tools/bin/../lib/gcc/arm-none-eabi/13.3.1/../../../../arm-none-eabi/lib/thumb/v7e-m+fp/hard\libc_nano.a(libc_a-memset.o)
                              C:/ST/STM32CubeIDE_1.19.0/STM32CubeIDE/plugins/com.st.stm32cube.ide.mcu.externaltools.gnu-tools-for-stm32.13.3.rel1.win32_1.0.0.202411081344/tools/bin/../lib/gcc/arm-none-eabi/13.3.1/../../../../arm-none-eabi/lib/thumb/v7e-m+fp/hard/crt0.o (memset)
C:/ST/STM32CubeIDE_1.19.0/STM32CubeIDE/plugins/com.st.stm32cube.ide.mcu.externaltools.gnu-tools-for-stm32.13.3.rel1.win32_1.0.0.202411081344/tools/bin/../lib/gcc/arm-none-eabi/13.3.1/../../../../arm-none-eabi/lib/thumb/v7e-m+fp/hard\libc_nano.a(libc_a-closer.o)
                              C:/ST/STM32CubeIDE_1.19.0/STM32CubeIDE/plugins/com.st.stm32cube.ide.mcu.externaltools.gnu-tools-for-stm32.13.3.rel1.win32_1.0.0.202411081344/tools/bin/../lib/gcc/arm-none-eabi/13.3.1/../../../../arm-none-eabi/lib/thumb/v7e-m+fp/hard\libc_nano.a(libc_a-stdio.o) (_close_r)
C:/ST/STM32CubeIDE_1.19.0/STM32CubeIDE/plugins/com.st.stm32cube.ide.mcu.externaltools.gnu-tools-for-stm32.13.3.rel1.win32_1.0.0.202411081344/tools/bin/../lib/gcc/arm-none-eabi/13.3.1/../../../../arm-none-eabi/lib/thumb/v7e-m+fp/hard\libc_nano.a(libc_a-reent.o)
                              C:/ST/STM32CubeIDE_1.19.0/STM32CubeIDE/plugins/com.st.stm32cube.ide.mcu.externaltools.gnu-tools-for-stm32.13.3.rel1.win32_1.0.0.202411081344/tools/bin/../lib/gcc/arm-none-eabi/13.3.1/../../../../arm-none-eabi/lib/thumb/v7e-m+fp/hard\libc_nano.a(libc_a-closer.o) (errno)
C:/ST/STM32CubeIDE_1.19.0/STM32CubeIDE/plugins/com.st.stm32cube.ide.mcu.externaltools.gnu-tools-for-stm32.13.3.rel1.win32_1.0.0.202411081344/tools/bin/../lib/gcc/arm-none-eabi/13.3.1/../../../../arm-none-eabi/lib/thumb/v7e-m+fp/hard\libc_nano.a(libc_a-impure.o)
                              C:/ST/STM32CubeIDE_1.19.0/STM32CubeIDE/plugins/com.st.stm32cube.ide.mcu.externaltools.gnu-tools-for-stm32.13.3.rel1.win32_1.0.0.202411081344/tools/bin/../lib/gcc/arm-none-eabi/13.3.1/../../../../arm-none-eabi/lib/thumb/v7e-m+fp/hard\libc_nano.a(libc_a-reent.o) (_impure_ptr)
C:/ST/STM32CubeIDE_1.19.0/STM32CubeIDE/plugins/com.st.stm32cube.ide.mcu.externaltools.gnu-tools-for-stm32.13.3.rel1.win32_1.0.0.202411081344/tools/bin/../lib/gcc/arm-none-eabi/13.3.1/../../../../arm-none-eabi/lib/thumb/v7e-m+fp/hard\libc_nano.a(libc_a-lseekr.o)
[...]
Memory Configuration

Name             Origin             Length             Attributes
CCMRAM           0x10000000         0x00010000         xrw
RAM              0x20000000         0x00020000         xrw
FLASH            0x08000000         0x00100000         xr
*default*        0x00000000         0xffffffff

Linker script and memory map

LOAD C:/ST/STM32CubeIDE_1.19.0/STM32CubeIDE/plugins/com.st.stm32cube.ide.mcu.externaltools.gnu-tools-for-stm32.13.3.rel1.win32_1.0.0.202411081344/tools/bin/../lib/gcc/arm-none-eabi/13.3.1/thumb/v7e-m+fp/hard/crti.o
LOAD C:/ST/STM32CubeIDE_1.19.0/STM32CubeIDE/plugins/com.st.stm32cube.ide.mcu.externaltools.gnu-tools-for-stm32.13.3.rel1.win32_1.0.0.202411081344/tools/bin/../lib/gcc/arm-none-eabi/13.3.1/thumb/v7e-m+fp/hard/crtbegin.o
LOAD C:/ST/STM32CubeIDE_1.19.0/STM32CubeIDE/plugins/com.st.stm32cube.ide.mcu.externaltools.gnu-tools-for-stm32.13.3.rel1.win32_1.0.0.202411081344/tools/bin/../lib/gcc/arm-none-eabi/13.3.1/../../../../arm-none-eabi/lib/thumb/v7e-m+fp/hard/crt0.o
LOAD ./Core/Src/main.o
LOAD ./Core/Src/stm32f4xx_hal_msp.o
LOAD ./Core/Src/stm32f4xx_it.o
LOAD ./Core/Src/syscalls.o
LOAD ./Core/Src/sysmem.o
LOAD ./Core/Src/system_stm32f4xx.o
LOAD ./Core/Startup/startup_stm32f407vgtx.o
LOAD ./Drivers/STM32F4xx_HAL_Driver/Src/stm32f4xx_hal.o
LOAD ./Drivers/STM32F4xx_HAL_Driver/Src/stm32f4xx_hal_cortex.o
LOAD ./Drivers/STM32F4xx_HAL_Driver/Src/stm32f4xx_hal_dma.o
LOAD ./Drivers/STM32F4xx_HAL_Driver/Src/stm32f4xx_hal_dma_ex.o
LOAD ./Drivers/STM32F4xx_HAL_Driver/Src/stm32f4xx_hal_exti.o
LOAD ./Drivers/STM32F4xx_HAL_Driver/Src/stm32f4xx_hal_flash.o
LOAD ./Drivers/STM32F4xx_HAL_Driver/Src/stm32f4xx_hal_flash_ex.o
LOAD ./Drivers/STM32F4xx_HAL_Driver/Src/stm32f4xx_hal_flash_ramfunc.o
LOAD ./Drivers/STM32F4xx_HAL_Driver/Src/stm32f4xx_hal_gpio.o
LOAD ./Drivers/STM32F4xx_HAL_Driver/Src/stm32f4xx_hal_i2c.o
LOAD ./Drivers/STM32F4xx_HAL_Driver/Src/stm32f4xx_hal_i2c_ex.o
LOAD ./Drivers/STM32F4xx_HAL_Driver/Src/stm32f4xx_hal_i2s.o
LOAD ./Drivers/STM32F4xx_HAL_Driver/Src/stm32f4xx_hal_i2s_ex.o
LOAD ./Drivers/STM32F4xx_HAL_Driver/Src/stm32f4xx_hal_pcd.o
LOAD ./Drivers/STM32F4xx_HAL_Driver/Src/stm32f4xx_hal_pcd_ex.o
LOAD ./Drivers/STM32F4xx_HAL_Driver/Src/stm32f4xx_hal_pwr.o
LOAD ./Drivers/STM32F4xx_HAL_Driver/Src/stm32f4xx_hal_pwr_ex.o
LOAD ./Drivers/STM32F4xx_HAL_Driver/Src/stm32f4xx_hal_rcc.o
LOAD ./Drivers/STM32F4xx_HAL_Driver/Src/stm32f4xx_hal_rcc_ex.o
LOAD ./Drivers/STM32F4xx_HAL_Driver/Src/stm32f4xx_hal_spi.o
LOAD ./Drivers/STM32F4xx_HAL_Driver/Src/stm32f4xx_ll_usb.o
LOAD ./Middlewares/ST/STM32_USB_Device_Library/Class/CDC/Src/usbd_cdc.o
LOAD ./Middlewares/ST/STM32_USB_Device_Library/Core/Src/usbd_core.o
LOAD ./Middlewares/ST/STM32_USB_Device_Library/Core/Src/usbd_ctlreq.o
LOAD ./Middlewares/ST/STM32_USB_Device_Library/Core/Src/usbd_ioreq.o
LOAD ./USB_DEVICE/App/usb_device.o
LOAD ./USB_DEVICE/App/usbd_cdc_if.o
LOAD ./USB_DEVICE/App/usbd_desc.o
LOAD ./USB_DEVICE/Target/usbd_conf.o
START GROUP
LOAD C:/ST/STM32CubeIDE_1.19.0/STM32CubeIDE/plugins/com.st.stm32cube.ide.mcu.externaltools.gnu-tools-for-stm32.13.3.rel1.win32_1.0.0.202411081344/tools/bin/../lib/gcc/arm-none-eabi/13.3.1/../../../../arm-none-eabi/lib/thumb/v7e-m+fp/hard\libc_nano.a
LOAD C:/ST/STM32CubeIDE_1.19.0/STM32CubeIDE/plugins/com.st.stm32cube.ide.mcu.externaltools.gnu-tools-for-stm32.13.3.rel1.win32_1.0.0.202411081344/tools/bin/../lib/gcc/arm-none-eabi/13.3.1/../../../../arm-none-eabi/lib/thumb/v7e-m+fp/hard\libm.a
END GROUP
START GROUP
LOAD C:/ST/STM32CubeIDE_1.19.0/STM32CubeIDE/plugins/com.st.stm32cube.ide.mcu.externaltools.gnu-tools-for-stm32.13.3.rel1.win32_1.0.0.202411081344/tools/bin/../lib/gcc/arm-none-eabi/13.3.1/thumb/v7e-m+fp/hard\libgcc.a
LOAD C:/ST/STM32CubeIDE_1.19.0/STM32CubeIDE/plugins/com.st.stm32cube.ide.mcu.externaltools.gnu-tools-for-stm32.13.3.rel1.win32_1.0.0.202411081344/tools/bin/../lib/gcc/arm-none-eabi/13.3.1/../../../../arm-none-eabi/lib/thumb/v7e-m+fp/hard\libc_nano.a
END GROUP
START GROUP
LOAD C:/ST/STM32CubeIDE_1.19.0/STM32CubeIDE/plugins/com.st.stm32cube.ide.mcu.externaltools.gnu-tools-for-stm32.13.3.rel1.win32_1.0.0.202411081344/tools/bin/../lib/gcc/arm-none-eabi/13.3.1/thumb/v7e-m+fp/hard\libgcc.a
LOAD C:/ST/STM32CubeIDE_1.19.0/STM32CubeIDE/plugins/com.st.stm32cube.ide.mcu.externaltools.gnu-tools-for-stm32.13.3.rel1.win32_1.0.0.202411081344/tools/bin/../lib/gcc/arm-none-eabi/13.3.1/../../../../arm-none-eabi/lib/thumb/v7e-m+fp/hard\libc_nano.a
LOAD C:/ST/STM32CubeIDE_1.19.0/STM32CubeIDE/plugins/com.st.stm32cube.ide.mcu.externaltools.gnu-tools-for-stm32.13.3.rel1.win32_1.0.0.202411081344/tools/bin/../lib/gcc/arm-none-eabi/13.3.1/../../../../arm-none-eabi/lib/thumb/v7e-m+fp/hard\libnosys.a
END GROUP
START GROUP
LOAD C:/ST/STM32CubeIDE_1.19.0/STM32CubeIDE/plugins/com.st.stm32cube.ide.mcu.externaltools.gnu-tools-for-stm32.13.3.rel1.win32_1.0.0.202411081344/tools/bin/../lib/gcc/arm-none-eabi/13.3.1/thumb/v7e-m+fp/hard\libgcc.a
LOAD C:/ST/STM32CubeIDE_1.19.0/STM32CubeIDE/plugins/com.st.stm32cube.ide.mcu.externaltools.gnu-tools-for-stm32.13.3.rel1.win32_1.0.0.202411081344/tools/bin/../lib/gcc/arm-none-eabi/13.3.1/../../../../arm-none-eabi/lib/thumb/v7e-m+fp/hard\libc_nano.a
LOAD C:/ST/STM32CubeIDE_1.19.0/STM32CubeIDE/plugins/com.st.stm32cube.ide.mcu.externaltools.gnu-tools-for-stm32.13.3.rel1.win32_1.0.0.202411081344/tools/bin/../lib/gcc/arm-none-eabi/13.3.1/../../../../arm-none-eabi/lib/thumb/v7e-m+fp/hard\libnosys.a
END GROUP
LOAD C:/ST/STM32CubeIDE_1.19.0/STM32CubeIDE/plugins/com.st.stm32cube.ide.mcu.externaltools.gnu-tools-for-stm32.13.3.rel1.win32_1.0.0.202411081344/tools/bin/../lib/gcc/arm-none-eabi/13.3.1/thumb/v7e-m+fp/hard/crtend.o
LOAD C:/ST/STM32CubeIDE_1.19.0/STM32CubeIDE/plugins/com.st.stm32cube.ide.mcu.externaltools.gnu-tools-for-stm32.13.3.rel1.win32_1.0.0.202411081344/tools/bin/../lib/gcc/arm-none-eabi/13.3.1/thumb/v7e-m+fp/hard/crtn.o
                0x20020000                        _estack = (ORIGIN (RAM) + LENGTH (RAM))
                0x00000200                        _Min_Heap_Size = 0x200
                0x00000400                        _Min_Stack_Size = 0x400

.isr_vector     0x08000000      0x188
                0x08000000                        . = ALIGN (0x4)
 *(.isr_vector)
 .isr_vector    0x08000000      0x188 ./Core/Startup/startup_stm32f407vgtx.o
                0x08000000                g_pfnVectors
                0x08000188                        . = ALIGN (0x4)

.text           0x08000188     0x9b2c
                0x08000188                        . = ALIGN (0x4)
 *(.text)
 .text          0x08000188       0x40 C:/ST/STM32CubeIDE_1.19.0/STM32CubeIDE/plugins/com.st.stm32cube.ide.mcu.externaltools.gnu-tools-for-stm32.13.3.rel1.win32_1.0.0.202411081344/tools/bin/../lib/gcc/arm-none-eabi/13.3.1/thumb/v7e-m+fp/hard/crtbegin.o
 .text          0x080001c8       0x30 C:/ST/STM32CubeIDE_1.19.0/STM32CubeIDE/plugins/com.st.stm32cube.ide.mcu.externaltools.gnu-tools-for-stm32.13.3.rel1.win32_1.0.0.202411081344/tools/bin/../lib/gcc/arm-none-eabi/13.3.1/thumb/v7e-m+fp/hard\libgcc.a(_aeabi_uldivmod.o)
                0x080001c8                __aeabi_uldivmod
 .text          0x080001f8      0x2f8 C:/ST/STM32CubeIDE_1.19.0/STM32CubeIDE/plugins/com.st.stm32cube.ide.mcu.externaltools.gnu-tools-for-stm32.13.3.rel1.win32_1.0.0.202411081344/tools/bin/../lib/gcc/arm-none-eabi/13.3.1/thumb/v7e-m+fp/hard\libgcc.a(_udivmoddi4.o)
                0x080001f8                __udivmoddi4
 .text          0x080004f0        0x4 C:/ST/STM32CubeIDE_1.19.0/STM32CubeIDE/plugins/com.st.stm32cube.ide.mcu.externaltools.gnu-tools-for-stm32.13.3.rel1.win32_1.0.0.202411081344/tools/bin/../lib/gcc/arm-none-eabi/13.3.1/thumb/v7e-m+fp/hard\libgcc.a(_dvmd_tls.o)
                0x080004f0                __aeabi_idiv0
                0x080004f0                __aeabi_ldiv0
 *(.text*)
 .text.crc_accumulate
                0x080004f4       0x6a ./Core/Src/main.o
 .text.crc_init
                0x0800055e       0x1c ./Core/Src/main.o
 .text.crc_calculate
                0x0800057a       0x40 ./Core/Src/main.o
 .text.crc_accumulate_buffer
                0x080005ba       0x38 ./Core/Src/main.o
 *fill*         0x080005f2        0x2 
 .text.mavlink_sha256_init
                0x080005f4       0x70 ./Core/Src/main.o
 .text.mavlink_sha256_calc
                0x08000664      0x3c0 ./Core/Src/main.o
 .text.mavlink_sha256_update
                0x08000a24      0x104 ./Core/Src/main.o
 .text.mavlink_sha256_final_48
                0x08000b28      0x12e ./Core/Src/main.o
 *fill*         0x08000c56        0x2 
 .text.mavlink_get_channel_status
                0x08000c58       0x28 ./Core/Src/main.o
 .text.mavlink_sign_packet
                0x08000c80       0xcc ./Core/Src/main.o
 .text._mav_trim_payload
                0x08000d4c       0x36 ./Core/Src/main.o
 .text.mavlink_finalize_message_buffer
                0x08000d82      0x26e ./Core/Src/main.o
 .text.mavlink_finalize_message_chan
                0x08000ff0       0x48 ./Core/Src/main.o
 .text.mavlink_finalize_message
                0x08001038       0x3c ./Core/Src/main.o
 .text.mavlink_msg_to_send_buffer
                0x08001074      0x1be ./Core/Src/main.o
 .text.mavlink_msg_attitude_pack
                0x08001232       0x8e ./Core/Src/main.o
 .text.main     0x080012c0      0x2b0 ./Core/Src/main.o
                0x080012c0                main
 .text.SystemClock_Config
                0x08001570       0xd4 ./Core/Src/main.o
                0x08001570                SystemClock_Config
 .text.MX_I2C1_Init
                0x08001644       0x5c ./Core/Src/main.o
 .text.MX_I2S3_Init
                0x080016a0       0x60 ./Core/Src/main.o
 .text.MX_SPI1_Init
                0x08001700       0x6c ./Core/Src/main.o
 .text.MX_GPIO_Init
                0x0800176c      0x1fc ./Core/Src/main.o
 .text.Error_Handler
                0x08001968        0xc ./Core/Src/main.o
                0x08001968                Error_Handler
 .text.HAL_MspInit
                0x08001974       0x50 ./Core/Src/stm32f4xx_hal_msp.o
                0x08001974                HAL_MspInit
 .text.HAL_I2C_MspInit
                0x080019c4       0x90 ./Core/Src/stm32f4xx_hal_msp.o
                0x080019c4                HAL_I2C_MspInit
 .text.HAL_I2S_MspInit
                0x08001a54      0x100 ./Core/Src/stm32f4xx_hal_msp.o
                0x08001a54                HAL_I2S_MspInit
 .text.HAL_SPI_MspInit
                0x08001b54       0x90 ./Core/Src/stm32f4xx_hal_msp.o
                0x08001b54                HAL_SPI_MspInit
 .text.NMI_Handler
                0x08001be4        0x8 ./Core/Src/stm32f4xx_it.o
                0x08001be4                NMI_Handler
 .text.HardFault_Handler
                0x08001bec        0x8 ./Core/Src/stm32f4xx_it.o
                0x08001bec                HardFault_Handler
 .text.MemManage_Handler
                0x08001bf4        0x8 ./Core/Src/stm32f4xx_it.o
                0x08001bf4                MemManage_Handler
 .text.BusFault_Handler
                0x08001bfc        0x8 ./Core/Src/stm32f4xx_it.o
                0x08001bfc                BusFault_Handler
 .text.UsageFault_Handler
                0x08001c04        0x8 ./Core/Src/stm32f4xx_it.o
                0x08001c04                UsageFault_Handler
 .text.SVC_Handler
                0x08001c0c        0xe ./Core/Src/stm32f4xx_it.o
                0x08001c0c                SVC_Handler
 .text.DebugMon_Handler
                0x08001c1a        0xe ./Core/Src/stm32f4xx_it.o
                0x08001c1a                DebugMon_Handler
 .text.PendSV_Handler
                0x08001c28        0xe ./Core/Src/stm32f4xx_it.o
                0x08001c28                PendSV_Handler
 .text.SysTick_Handler
                0x08001c36        0xc ./Core/Src/stm32f4xx_it.o
                0x08001c36                SysTick_Handler
 *fill*         0x08001c42        0x2 
 .text.OTG_FS_IRQHandler
                0x08001c44       0x14 ./Core/Src/stm32f4xx_it.o
                0x08001c44                OTG_FS_IRQHandler
 .text.SystemInit
                0x08001c58       0x24 ./Core/Src/system_stm32f4xx.o
                0x08001c58                SystemInit
 .text.Reset_Handler
                0x08001c7c       0x50 ./Core/Startup/startup_stm32f407vgtx.o
                0x08001c7c                Reset_Handler
 .text.Default_Handler
                0x08001ccc        0x2 ./Core/Startup/startup_stm32f407vgtx.o
                0x08001ccc                RTC_Alarm_IRQHandler
                0x08001ccc                HASH_RNG_IRQHandler
                0x08001ccc                EXTI2_IRQHandler
                0x08001ccc                TIM8_CC_IRQHandler
                0x08001ccc                TIM1_CC_IRQHandler
                0x08001ccc                DMA2_Stream5_IRQHandler
                0x08001ccc                DMA1_Stream5_IRQHandler
                0x08001ccc                PVD_IRQHandler
                0x08001ccc                SDIO_IRQHandler
                0x08001ccc                TAMP_STAMP_IRQHandler
                0x08001ccc                CAN2_RX1_IRQHandler
                0x08001ccc                EXTI3_IRQHandler
                0x08001ccc                TIM8_TRG_COM_TIM14_IRQHandler
                0x08001ccc                TIM1_UP_TIM10_IRQHandler
                0x08001ccc                TIM8_UP_TIM13_IRQHandler
                0x08001ccc                I2C3_ER_IRQHandler
                0x08001ccc                EXTI0_IRQHandler
                0x08001ccc                I2C2_EV_IRQHandler
                0x08001ccc                DMA1_Stream2_IRQHandler
                0x08001ccc                CAN1_RX0_IRQHandler
                0x08001ccc                FPU_IRQHandler
                0x08001ccc                OTG_HS_WKUP_IRQHandler
                0x08001ccc                CAN2_SCE_IRQHandler
                0x08001ccc                DMA2_Stream2_IRQHandler
                0x08001ccc                SPI1_IRQHandler
                0x08001ccc                TIM6_DAC_IRQHandler
                0x08001ccc                TIM1_BRK_TIM9_IRQHandler
                0x08001ccc                DCMI_IRQHandler
                0x08001ccc                CAN2_RX0_IRQHandler
                0x08001ccc                DMA2_Stream3_IRQHandler
                0x08001ccc                USART6_IRQHandler
                0x08001ccc                USART3_IRQHandler
                0x08001ccc                CAN1_RX1_IRQHandler
                0x08001ccc                UART5_IRQHandler
                0x08001ccc                DMA2_Stream0_IRQHandler
                0x08001ccc                TIM4_IRQHandler
                0x08001ccc                I2C1_EV_IRQHandler
                0x08001ccc                DMA1_Stream6_IRQHandler
                0x08001ccc                DMA1_Stream1_IRQHandler
                0x08001ccc                UART4_IRQHandler
                0x08001ccc                TIM3_IRQHandler
                0x08001ccc                RCC_IRQHandler
                0x08001ccc                TIM8_BRK_TIM12_IRQHandler
                0x08001ccc                Default_Handler
                0x08001ccc                EXTI15_10_IRQHandler
                0x08001ccc                ADC_IRQHandler
                0x08001ccc                DMA1_Stream7_IRQHandler
                0x08001ccc                TIM7_IRQHandler
                0x08001ccc                CAN2_TX_IRQHandler
                0x08001ccc                TIM5_IRQHandler
                0x08001ccc                DMA2_Stream7_IRQHandler
                0x08001ccc                I2C3_EV_IRQHandler
                0x08001ccc                EXTI9_5_IRQHandler
                0x08001ccc                RTC_WKUP_IRQHandler
                0x08001ccc                ETH_WKUP_IRQHandler
                0x08001ccc                SPI2_IRQHandler
                0x08001ccc                OTG_HS_EP1_IN_IRQHandler
                0x08001ccc                DMA1_Stream0_IRQHandler
                0x08001ccc                CAN1_TX_IRQHandler
                0x08001ccc                EXTI4_IRQHandler
                0x08001ccc                FSMC_IRQHandler
                0x08001ccc                ETH_IRQHandler
                0x08001ccc                OTG_HS_EP1_OUT_IRQHandler
                0x08001ccc                WWDG_IRQHandler
                0x08001ccc                TIM2_IRQHandler
                0x08001ccc                OTG_FS_WKUP_IRQHandler
                0x08001ccc                TIM1_TRG_COM_TIM11_IRQHandler
                0x08001ccc                OTG_HS_IRQHandler
                0x08001ccc                EXTI1_IRQHandler
                0x08001ccc                USART2_IRQHandler
                0x08001ccc                I2C2_ER_IRQHandler
                0x08001ccc                DMA2_Stream1_IRQHandler
                0x08001ccc                CAN1_SCE_IRQHandler
                0x08001ccc                FLASH_IRQHandler
                0x08001ccc                DMA2_Stream4_IRQHandler
                0x08001ccc                USART1_IRQHandler
                0x08001ccc                SPI3_IRQHandler
                0x08001ccc                DMA1_Stream4_IRQHandler
                0x08001ccc                I2C1_ER_IRQHandler
                0x08001ccc                DMA2_Stream6_IRQHandler
                0x08001ccc                DMA1_Stream3_IRQHandler
 *fill*         0x08001cce        0x2 
 .text.HAL_Init
                0x08001cd0       0x44 ./Drivers/STM32F4xx_HAL_Driver/Src/stm32f4xx_hal.o
                0x08001cd0                HAL_Init
 .text.HAL_InitTick
                0x08001d14       0x60 ./Drivers/STM32F4xx_HAL_Driver/Src/stm32f4xx_hal.o
                0x08001d14                HAL_InitTick
 .text.HAL_IncTick
                0x08001d74       0x28 ./Drivers/STM32F4xx_HAL_Driver/Src/stm32f4xx_hal.o
                0x08001d74                HAL_IncTick
 .text.HAL_GetTick
                0x08001d9c       0x18 ./Drivers/STM32F4xx_HAL_Driver/Src/stm32f4xx_hal.o
                0x08001d9c                HAL_GetTick
 .text.HAL_Delay
                0x08001db4       0x48 ./Drivers/STM32F4xx_HAL_Driver/Src/stm32f4xx_hal.o
                0x08001db4                HAL_Delay
 .text.__NVIC_SetPriorityGrouping
                0x08001dfc       0x48 ./Drivers/STM32F4xx_HAL_Driver/Src/stm32f4xx_hal_cortex.o
 .text.__NVIC_GetPriorityGrouping
                0x08001e44       0x1c ./Drivers/STM32F4xx_HAL_Driver/Src/stm32f4xx_hal_cortex.o
 .text.__NVIC_EnableIRQ
                0x08001e60       0x3c ./Drivers/STM32F4xx_HAL_Driver/Src/stm32f4xx_hal_cortex.o
 .text.__NVIC_SetPriority
                0x08001e9c       0x54 ./Drivers/STM32F4xx_HAL_Driver/Src/stm32f4xx_hal_cortex.o
 .text.NVIC_EncodePriority
                0x08001ef0       0x66 ./Drivers/STM32F4xx_HAL_Driver/Src/stm32f4xx_hal_cortex.o
 *fill*         0x08001f56        0x2 
 .text.SysTick_Config
                0x08001f58       0x44 ./Drivers/STM32F4xx_HAL_Driver/Src/stm32f4xx_hal_cortex.o
 .text.HAL_NVIC_SetPriorityGrouping
                0x08001f9c       0x16 ./Drivers/STM32F4xx_HAL_Driver/Src/stm32f4xx_hal_cortex.o
                0x08001f9c                HAL_NVIC_SetPriorityGrouping
 .text.HAL_NVIC_SetPriority
                0x08001fb2       0x38 ./Drivers/STM32F4xx_HAL_Driver/Src/stm32f4xx_hal_cortex.o
                0x08001fb2                HAL_NVIC_SetPriority
 .text.HAL_NVIC_EnableIRQ
                0x08001fea       0x1c ./Drivers/STM32F4xx_HAL_Driver/Src/stm32f4xx_hal_cortex.o
                0x08001fea                HAL_NVIC_EnableIRQ
 .text.HAL_SYSTICK_Config
                0x08002006       0x18 ./Drivers/STM32F4xx_HAL_Driver/Src/stm32f4xx_hal_cortex.o
                0x08002006                HAL_SYSTICK_Config
 *fill*         0x0800201e        0x2 
 .text.HAL_GPIO_Init
                0x08002020      0x338 ./Drivers/STM32F4xx_HAL_Driver/Src/stm32f4xx_hal_gpio.o
                0x08002020                HAL_GPIO_Init
 .text.HAL_GPIO_WritePin
                0x08002358       0x32 ./Drivers/STM32F4xx_HAL_Driver/Src/stm32f4xx_hal_gpio.o
                0x08002358                HAL_GPIO_WritePin
 .text.HAL_GPIO_TogglePin
                0x0800238a       0x34 ./Drivers/STM32F4xx_HAL_Driver/Src/stm32f4xx_hal_gpio.o
                0x0800238a                HAL_GPIO_TogglePin
 *fill*         0x080023be        0x2 
 .text.HAL_I2C_Init
                0x080023c0      0x288 ./Drivers/STM32F4xx_HAL_Driver/Src/stm32f4xx_hal_i2c.o
                0x080023c0                HAL_I2C_Init
 .text.HAL_I2S_Init
                0x08002648      0x280 ./Drivers/STM32F4xx_HAL_Driver/Src/stm32f4xx_hal_i2s.o
                0x08002648                HAL_I2S_Init
 .text.HAL_I2S_TxCpltCallback
                0x080028c8       0x14 ./Drivers/STM32F4xx_HAL_Driver/Src/stm32f4xx_hal_i2s.o
                0x080028c8                HAL_I2S_TxCpltCallback
 .text.HAL_I2S_RxCpltCallback
                0x080028dc       0x14 ./Drivers/STM32F4xx_HAL_Driver/Src/stm32f4xx_hal_i2s.o
                0x080028dc                HAL_I2S_RxCpltCallback
 .text.HAL_I2S_ErrorCallback
                0x080028f0       0x14 ./Drivers/STM32F4xx_HAL_Driver/Src/stm32f4xx_hal_i2s.o
                0x080028f0                HAL_I2S_ErrorCallback
 .text.I2S_Transmit_IT
                0x08002904       0x5c ./Drivers/STM32F4xx_HAL_Driver/Src/stm32f4xx_hal_i2s.o
 .text.I2S_Receive_IT
                0x08002960       0x5e ./Drivers/STM32F4xx_HAL_Driver/Src/stm32f4xx_hal_i2s.o
 .text.I2S_IRQHandler
                0x080029be      0x114 ./Drivers/STM32F4xx_HAL_Driver/Src/stm32f4xx_hal_i2s.o
 *fill*         0x08002ad2        0x2 
 .text.HAL_I2SEx_FullDuplex_IRQHandler
                0x08002ad4      0x2a8 ./Drivers/STM32F4xx_HAL_Driver/Src/stm32f4xx_hal_i2s_ex.o
                0x08002ad4                HAL_I2SEx_FullDuplex_IRQHandler
 .text.HAL_I2SEx_TxRxCpltCallback
                0x08002d7c       0x14 ./Drivers/STM32F4xx_HAL_Driver/Src/stm32f4xx_hal_i2s_ex.o
                0x08002d7c                HAL_I2SEx_TxRxCpltCallback
 .text.I2SEx_TxISR_I2S
                0x08002d90       0x62 ./Drivers/STM32F4xx_HAL_Driver/Src/stm32f4xx_hal_i2s_ex.o
 *fill*         0x08002df2        0x2 
 .text.I2SEx_TxISR_I2SExt
                0x08002df4       0x98 ./Drivers/STM32F4xx_HAL_Driver/Src/stm32f4xx_hal_i2s_ex.o
 .text.I2SEx_RxISR_I2S
                0x08002e8c       0x64 ./Drivers/STM32F4xx_HAL_Driver/Src/stm32f4xx_hal_i2s_ex.o
 .text.I2SEx_RxISR_I2SExt
                0x08002ef0       0x98 ./Drivers/STM32F4xx_HAL_Driver/Src/stm32f4xx_hal_i2s_ex.o
 .text.HAL_PCD_Init
                0x08002f88      0x21e ./Drivers/STM32F4xx_HAL_Driver/Src/stm32f4xx_hal_pcd.o
                0x08002f88                HAL_PCD_Init
 .text.HAL_PCD_Start
                0x080031a6       0x6a ./Drivers/STM32F4xx_HAL_Driver/Src/stm32f4xx_hal_pcd.o
                0x080031a6                HAL_PCD_Start
 .text.HAL_PCD_IRQHandler
                0x08003210      0x942 ./Drivers/STM32F4xx_HAL_Driver/Src/stm32f4xx_hal_pcd.o
                0x08003210                HAL_PCD_IRQHandler
 .text.HAL_PCD_SetAddress
                0x08003b52       0x48 ./Drivers/STM32F4xx_HAL_Driver/Src/stm32f4xx_hal_pcd.o
                0x08003b52                HAL_PCD_SetAddress
 .text.HAL_PCD_EP_Open
                0x08003b9a       0xd4 ./Drivers/STM32F4xx_HAL_Driver/Src/stm32f4xx_hal_pcd.o
                0x08003b9a                HAL_PCD_EP_Open
 .text.HAL_PCD_EP_Close
                0x08003c6e       0x94 ./Drivers/STM32F4xx_HAL_Driver/Src/stm32f4xx_hal_pcd.o
                0x08003c6e                HAL_PCD_EP_Close
 .text.HAL_PCD_EP_Receive
                0x08003d02       0x76 ./Drivers/STM32F4xx_HAL_Driver/Src/stm32f4xx_hal_pcd.o
                0x08003d02                HAL_PCD_EP_Receive
 .text.HAL_PCD_EP_GetRxCount
                0x08003d78       0x30 ./Drivers/STM32F4xx_HAL_Driver/Src/stm32f4xx_hal_pcd.o
                0x08003d78                HAL_PCD_EP_GetRxCount
 .text.HAL_PCD_EP_Transmit
                0x08003da8       0x74 ./Drivers/STM32F4xx_HAL_Driver/Src/stm32f4xx_hal_pcd.o
                0x08003da8                HAL_PCD_EP_Transmit
 .text.HAL_PCD_EP_SetStall
                0x08003e1c       0xc6 ./Drivers/STM32F4xx_HAL_Driver/Src/stm32f4xx_hal_pcd.o
                0x08003e1c                HAL_PCD_EP_SetStall
 .text.HAL_PCD_EP_ClrStall
                0x08003ee2       0xac ./Drivers/STM32F4xx_HAL_Driver/Src/stm32f4xx_hal_pcd.o
                0x08003ee2                HAL_PCD_EP_ClrStall
 .text.HAL_PCD_EP_Abort
                0x08003f8e       0x62 ./Drivers/STM32F4xx_HAL_Driver/Src/stm32f4xx_hal_pcd.o
                0x08003f8e                HAL_PCD_EP_Abort
 .text.PCD_WriteEmptyTxFifo
                0x08003ff0      0x118 ./Drivers/STM32F4xx_HAL_Driver/Src/stm32f4xx_hal_pcd.o
 .text.PCD_EP_OutXfrComplete_int
                0x08004108      0x1d0 ./Drivers/STM32F4xx_HAL_Driver/Src/stm32f4xx_hal_pcd.o
 .text.PCD_EP_OutSetupPacket_int
                0x080042d8       0x8c ./Drivers/STM32F4xx_HAL_Driver/Src/stm32f4xx_hal_pcd.o
 .text.HAL_PCDEx_SetTxFiFo
                0x08004364       0x8e ./Drivers/STM32F4xx_HAL_Driver/Src/stm32f4xx_hal_pcd_ex.o
                0x08004364                HAL_PCDEx_SetTxFiFo
 .text.HAL_PCDEx_SetRxFiFo
                0x080043f2       0x22 ./Drivers/STM32F4xx_HAL_Driver/Src/stm32f4xx_hal_pcd_ex.o
                0x080043f2                HAL_PCDEx_SetRxFiFo
 .text.HAL_PCDEx_LPM_Callback
                0x08004414       0x18 ./Drivers/STM32F4xx_HAL_Driver/Src/stm32f4xx_hal_pcd_ex.o
                0x08004414                HAL_PCDEx_LPM_Callback
 .text.HAL_RCC_OscConfig
                0x0800442c      0x4f0 ./Drivers/STM32F4xx_HAL_Driver/Src/stm32f4xx_hal_rcc.o
                0x0800442c                HAL_RCC_OscConfig
 .text.HAL_RCC_ClockConfig
                0x0800491c      0x1cc ./Drivers/STM32F4xx_HAL_Driver/Src/stm32f4xx_hal_rcc.o
                0x0800491c                HAL_RCC_ClockConfig
 .text.HAL_RCC_GetSysClockFreq
                0x08004ae8      0x20c ./Drivers/STM32F4xx_HAL_Driver/Src/stm32f4xx_hal_rcc.o
                0x08004ae8                HAL_RCC_GetSysClockFreq
 .text.HAL_RCC_GetHCLKFreq
                0x08004cf4       0x18 ./Drivers/STM32F4xx_HAL_Driver/Src/stm32f4xx_hal_rcc.o
                0x08004cf4                HAL_RCC_GetHCLKFreq
 .text.HAL_RCC_GetPCLK1Freq
                0x08004d0c       0x28 ./Drivers/STM32F4xx_HAL_Driver/Src/stm32f4xx_hal_rcc.o
                0x08004d0c                HAL_RCC_GetPCLK1Freq
 .text.HAL_RCCEx_PeriphCLKConfig
                0x08004d34      0x1c4 ./Drivers/STM32F4xx_HAL_Driver/Src/stm32f4xx_hal_rcc_ex.o
                0x08004d34                HAL_RCCEx_PeriphCLKConfig
 .text.HAL_RCCEx_GetPeriphCLKFreq
                0x08004ef8       0xc0 ./Drivers/STM32F4xx_HAL_Driver/Src/stm32f4xx_hal_rcc_ex.o
                0x08004ef8                HAL_RCCEx_GetPeriphCLKFreq
 .text.HAL_SPI_Init
                0x08004fb8      0x112 ./Drivers/STM32F4xx_HAL_Driver/Src/stm32f4xx_hal_spi.o
                0x08004fb8                HAL_SPI_Init
 .text.HAL_SPI_Transmit
                0x080050ca      0x288 ./Drivers/STM32F4xx_HAL_Driver/Src/stm32f4xx_hal_spi.o
                0x080050ca                HAL_SPI_Transmit
 .text.HAL_SPI_Receive
                0x08005352      0x232 ./Drivers/STM32F4xx_HAL_Driver/Src/stm32f4xx_hal_spi.o
                0x08005352                HAL_SPI_Receive
 .text.HAL_SPI_TransmitReceive
                0x08005584      0x352 ./Drivers/STM32F4xx_HAL_Driver/Src/stm32f4xx_hal_spi.o
                0x08005584                HAL_SPI_TransmitReceive
 *fill*         0x080058d6        0x2 
 .text.SPI_WaitFlagStateUntilTimeout
                0x080058d8      0x110 ./Drivers/STM32F4xx_HAL_Driver/Src/stm32f4xx_hal_spi.o
 .text.SPI_EndRxTransaction
                0x080059e8       0xca ./Drivers/STM32F4xx_HAL_Driver/Src/stm32f4xx_hal_spi.o
 *fill*         0x08005ab2        0x2 
 .text.SPI_EndRxTxTransaction
                0x08005ab4       0xa8 ./Drivers/STM32F4xx_HAL_Driver/Src/stm32f4xx_hal_spi.o
 .text.USB_CoreInit
                0x08005b5c       0xc8 ./Drivers/STM32F4xx_HAL_Driver/Src/stm32f4xx_ll_usb.o
                0x08005b5c                USB_CoreInit
 .text.USB_SetTurnaroundTime
                0x08005c24      0x144 ./Drivers/STM32F4xx_HAL_Driver/Src/stm32f4xx_ll_usb.o
                0x08005c24                USB_SetTurnaroundTime
 .text.USB_EnableGlobalInt
                0x08005d68       0x22 ./Drivers/STM32F4xx_HAL_Driver/Src/stm32f4xx_ll_usb.o
                0x08005d68                USB_EnableGlobalInt
 .text.USB_DisableGlobalInt
                0x08005d8a       0x22 ./Drivers/STM32F4xx_HAL_Driver/Src/stm32f4xx_ll_usb.o
                0x08005d8a                USB_DisableGlobalInt
 .text.USB_SetCurrentMode
                0x08005dac       0x98 ./Drivers/STM32F4xx_HAL_Driver/Src/stm32f4xx_ll_usb.o
                0x08005dac                USB_SetCurrentMode
 .text.USB_DevInit
                0x08005e44      0x2c8 ./Drivers/STM32F4xx_HAL_Driver/Src/stm32f4xx_ll_usb.o
                0x08005e44                USB_DevInit
 .text.USB_FlushTxFifo
                0x0800610c       0x64 ./Drivers/STM32F4xx_HAL_Driver/Src/stm32f4xx_ll_usb.o
                0x0800610c                USB_FlushTxFifo
 .text.USB_FlushRxFifo
                0x08006170       0x5c ./Drivers/STM32F4xx_HAL_Driver/Src/stm32f4xx_ll_usb.o
                0x08006170                USB_FlushRxFifo
 .text.USB_SetDevSpeed
                0x080061cc       0x32 ./Drivers/STM32F4xx_HAL_Driver/Src/stm32f4xx_ll_usb.o
                0x080061cc                USB_SetDevSpeed
 .text.USB_GetDevSpeed
                0x080061fe       0x4a ./Drivers/STM32F4xx_HAL_Driver/Src/stm32f4xx_ll_usb.o
                0x080061fe                USB_GetDevSpeed
 .text.USB_ActivateEndpoint
                0x08006248      0x10e ./Drivers/STM32F4xx_HAL_Driver/Src/stm32f4xx_ll_usb.o
                0x08006248                USB_ActivateEndpoint
 *fill*         0x08006356        0x2 
 .text.USB_DeactivateEndpoint
                0x08006358      0x1b8 ./Drivers/STM32F4xx_HAL_Driver/Src/stm32f4xx_ll_usb.o
                0x08006358                USB_DeactivateEndpoint
 .text.USB_EPStartXfer
                0x08006510      0x53c ./Drivers/STM32F4xx_HAL_Driver/Src/stm32f4xx_ll_usb.o
                0x08006510                USB_EPStartXfer
 .text.USB_EPStopXfer
                0x08006a4c      0x154 ./Drivers/STM32F4xx_HAL_Driver/Src/stm32f4xx_ll_usb.o
                0x08006a4c                USB_EPStopXfer
 .text.USB_WritePacket
                0x08006ba0       0x7c ./Drivers/STM32F4xx_HAL_Driver/Src/stm32f4xx_ll_usb.o
                0x08006ba0                USB_WritePacket
 .text.USB_ReadPacket
                0x08006c1c       0xb0 ./Drivers/STM32F4xx_HAL_Driver/Src/stm32f4xx_ll_usb.o
                0x08006c1c                USB_ReadPacket
 .text.USB_EPSetStall
                0x08006ccc       0xdc ./Drivers/STM32F4xx_HAL_Driver/Src/stm32f4xx_ll_usb.o
                0x08006ccc                USB_EPSetStall
 .text.USB_EPClearStall
                0x08006da8       0xcc ./Drivers/STM32F4xx_HAL_Driver/Src/stm32f4xx_ll_usb.o
                0x08006da8                USB_EPClearStall
 .text.USB_SetDevAddress
                0x08006e74       0x4c ./Drivers/STM32F4xx_HAL_Driver/Src/stm32f4xx_ll_usb.o
                0x08006e74                USB_SetDevAddress
 .text.USB_DevConnect
                0x08006ec0       0x42 ./Drivers/STM32F4xx_HAL_Driver/Src/stm32f4xx_ll_usb.o
                0x08006ec0                USB_DevConnect
 .text.USB_DevDisconnect
                0x08006f02       0x42 ./Drivers/STM32F4xx_HAL_Driver/Src/stm32f4xx_ll_usb.o
                0x08006f02                USB_DevDisconnect
 .text.USB_ReadInterrupts
                0x08006f44       0x26 ./Drivers/STM32F4xx_HAL_Driver/Src/stm32f4xx_ll_usb.o
                0x08006f44                USB_ReadInterrupts
 .text.USB_ReadDevAllOutEpInterrupt
                0x08006f6a       0x34 ./Drivers/STM32F4xx_HAL_Driver/Src/stm32f4xx_ll_usb.o
                0x08006f6a                USB_ReadDevAllOutEpInterrupt
 .text.USB_ReadDevAllInEpInterrupt
                0x08006f9e       0x34 ./Drivers/STM32F4xx_HAL_Driver/Src/stm32f4xx_ll_usb.o
                0x08006f9e                USB_ReadDevAllInEpInterrupt
 .text.USB_ReadDevOutEPInterrupt
                0x08006fd2       0x3c ./Drivers/STM32F4xx_HAL_Driver/Src/stm32f4xx_ll_usb.o
                0x08006fd2                USB_ReadDevOutEPInterrupt
 .text.USB_ReadDevInEPInterrupt
                0x0800700e       0x5c ./Drivers/STM32F4xx_HAL_Driver/Src/stm32f4xx_ll_usb.o
                0x0800700e                USB_ReadDevInEPInterrupt
 .text.USB_GetMode
                0x0800706a       0x1c ./Drivers/STM32F4xx_HAL_Driver/Src/stm32f4xx_ll_usb.o
                0x0800706a                USB_GetMode
 .text.USB_ActivateSetup
                0x08007086       0x46 ./Drivers/STM32F4xx_HAL_Driver/Src/stm32f4xx_ll_usb.o
                0x08007086                USB_ActivateSetup
 .text.USB_EP0_OutStart
                0x080070cc       0xbc ./Drivers/STM32F4xx_HAL_Driver/Src/stm32f4xx_ll_usb.o
                0x080070cc                USB_EP0_OutStart
 .text.USB_CoreReset
                0x08007188       0x70 ./Drivers/STM32F4xx_HAL_Driver/Src/stm32f4xx_ll_usb.o
 .text.USBD_CDC_Init
                0x080071f8      0x1f0 ./Middlewares/ST/STM32_USB_Device_Library/Class/CDC/Src/usbd_cdc.o
 .text.USBD_CDC_DeInit
                0x080073e8      0x104 ./Middlewares/ST/STM32_USB_Device_Library/Class/CDC/Src/usbd_cdc.o
 .text.USBD_CDC_Setup
                0x080074ec      0x1b8 ./Middlewares/ST/STM32_USB_Device_Library/Class/CDC/Src/usbd_cdc.o
 .text.USBD_CDC_DataIn
                0x080076a4       0xfe ./Middlewares/ST/STM32_USB_Device_Library/Class/CDC/Src/usbd_cdc.o
 .text.USBD_CDC_DataOut
                0x080077a2       0x70 ./Middlewares/ST/STM32_USB_Device_Library/Class/CDC/Src/usbd_cdc.o
 .text.USBD_CDC_EP0_RxReady
                0x08007812       0x74 ./Middlewares/ST/STM32_USB_Device_Library/Class/CDC/Src/usbd_cdc.o
 *fill*         0x08007886        0x2 
 .text.USBD_CDC_GetFSCfgDesc
                0x08007888       0x70 ./Middlewares/ST/STM32_USB_Device_Library/Class/CDC/Src/usbd_cdc.o
 .text.USBD_CDC_GetHSCfgDesc
                0x080078f8       0x70 ./Middlewares/ST/STM32_USB_Device_Library/Class/CDC/Src/usbd_cdc.o
 .text.USBD_CDC_GetOtherSpeedCfgDesc
                0x08007968       0x70 ./Middlewares/ST/STM32_USB_Device_Library/Class/CDC/Src/usbd_cdc.o
 .text.USBD_CDC_GetDeviceQualifierDescriptor
                0x080079d8       0x20 ./Middlewares/ST/STM32_USB_Device_Library/Class/CDC/Src/usbd_cdc.o
                0x080079d8                USBD_CDC_GetDeviceQualifierDescriptor
 .text.USBD_CDC_RegisterInterface
                0x080079f8       0x34 ./Middlewares/ST/STM32_USB_Device_Library/Class/CDC/Src/usbd_cdc.o
                0x080079f8                USBD_CDC_RegisterInterface
 .text.USBD_CDC_SetTxBuffer
                0x08007a2c       0x44 ./Middlewares/ST/STM32_USB_Device_Library/Class/CDC/Src/usbd_cdc.o
                0x08007a2c                USBD_CDC_SetTxBuffer
 .text.USBD_CDC_SetRxBuffer
                0x08007a70       0x3a ./Middlewares/ST/STM32_USB_Device_Library/Class/CDC/Src/usbd_cdc.o
                0x08007a70                USBD_CDC_SetRxBuffer
 *fill*         0x08007aaa        0x2 
 .text.USBD_CDC_TransmitPacket
                0x08007aac       0x80 ./Middlewares/ST/STM32_USB_Device_Library/Class/CDC/Src/usbd_cdc.o
                0x08007aac                USBD_CDC_TransmitPacket
 .text.USBD_CDC_ReceivePacket
                0x08007b2c       0x6c ./Middlewares/ST/STM32_USB_Device_Library/Class/CDC/Src/usbd_cdc.o
                0x08007b2c                USBD_CDC_ReceivePacket
 .text.USBD_Init
                0x08007b98       0x60 ./Middlewares/ST/STM32_USB_Device_Library/Core/Src/usbd_core.o
                0x08007b98                USBD_Init
 .text.USBD_RegisterClass
                0x08007bf8       0x6c ./Middlewares/ST/STM32_USB_Device_Library/Core/Src/usbd_core.o
                0x08007bf8                USBD_RegisterClass
 .text.USBD_Start
                0x08007c64       0x18 ./Middlewares/ST/STM32_USB_Device_Library/Core/Src/usbd_core.o
                0x08007c64                USBD_Start
 .text.USBD_RunTestMode
                0x08007c7c       0x16 ./Middlewares/ST/STM32_USB_Device_Library/Core/Src/usbd_core.o
                0x08007c7c                USBD_RunTestMode
 .text.USBD_SetClassConfig
                0x08007c92       0x38 ./Middlewares/ST/STM32_USB_Device_Library/Core/Src/usbd_core.o
                0x08007c92                USBD_SetClassConfig
 .text.USBD_ClrClassConfig
                0x08007cca       0x34 ./Middlewares/ST/STM32_USB_Device_Library/Core/Src/usbd_core.o
                0x08007cca                USBD_ClrClassConfig
 .text.USBD_LL_SetupStage
                0x08007cfe       0xaa ./Middlewares/ST/STM32_USB_Device_Library/Core/Src/usbd_core.o
                0x08007cfe                USBD_LL_SetupStage
 .text.USBD_LL_DataOutStage
                0x08007da8      0x178 ./Middlewares/ST/STM32_USB_Device_Library/Core/Src/usbd_core.o
                0x08007da8                USBD_LL_DataOutStage
 .text.USBD_LL_DataInStage
                0x08007f20      0x176 ./Middlewares/ST/STM32_USB_Device_Library/Core/Src/usbd_core.o
                0x08007f20                USBD_LL_DataInStage
 .text.USBD_LL_Reset
                0x08008096       0xa6 ./Middlewares/ST/STM32_USB_Device_Library/Core/Src/usbd_core.o
                0x08008096                USBD_LL_Reset
 .text.USBD_LL_SetSpeed
                0x0800813c       0x20 ./Middlewares/ST/STM32_USB_Device_Library/Core/Src/usbd_core.o
                0x0800813c                USBD_LL_SetSpeed
 .text.USBD_LL_Suspend
                0x0800815c       0x38 ./Middlewares/ST/STM32_USB_Device_Library/Core/Src/usbd_core.o
                0x0800815c                USBD_LL_Suspend
 .text.USBD_LL_Resume
                0x08008194       0x30 ./Middlewares/ST/STM32_USB_Device_Library/Core/Src/usbd_core.o
                0x08008194                USBD_LL_Resume
 .text.USBD_LL_SOF
                0x080081c4       0x40 ./Middlewares/ST/STM32_USB_Device_Library/Core/Src/usbd_core.o
                0x080081c4                USBD_LL_SOF
 .text.USBD_LL_IsoINIncomplete
                0x08008204       0x64 ./Middlewares/ST/STM32_USB_Device_Library/Core/Src/usbd_core.o
                0x08008204                USBD_LL_IsoINIncomplete
 .text.USBD_LL_IsoOUTIncomplete
                0x08008268       0x64 ./Middlewares/ST/STM32_USB_Device_Library/Core/Src/usbd_core.o
                0x08008268                USBD_LL_IsoOUTIncomplete
 .text.USBD_LL_DevConnected
                0x080082cc       0x16 ./Middlewares/ST/STM32_USB_Device_Library/Core/Src/usbd_core.o
                0x080082cc                USBD_LL_DevConnected
 .text.USBD_LL_DevDisconnected
                0x080082e2       0x46 ./Middlewares/ST/STM32_USB_Device_Library/Core/Src/usbd_core.o
                0x080082e2                USBD_LL_DevDisconnected
 .text.USBD_CoreFindIF
                0x08008328       0x1a ./Middlewares/ST/STM32_USB_Device_Library/Core/Src/usbd_core.o
                0x08008328                USBD_CoreFindIF
 .text.USBD_CoreFindEP
                0x08008342       0x1a ./Middlewares/ST/STM32_USB_Device_Library/Core/Src/usbd_core.o
                0x08008342                USBD_CoreFindEP
 .text.USBD_GetEpDesc
                0x0800835c       0x70 ./Middlewares/ST/STM32_USB_Device_Library/Core/Src/usbd_core.o
                0x0800835c                USBD_GetEpDesc
 .text.USBD_GetNextDesc
                0x080083cc       0x38 ./Middlewares/ST/STM32_USB_Device_Library/Core/Src/usbd_core.o
                0x080083cc                USBD_GetNextDesc
 .text.SWAPBYTE
                0x08008404       0x3e ./Middlewares/ST/STM32_USB_Device_Library/Core/Src/usbd_ctlreq.o
 *fill*         0x08008442        0x2 
 .text.USBD_StdDevReq
                0x08008444       0xe4 ./Middlewares/ST/STM32_USB_Device_Library/Core/Src/usbd_ctlreq.o
                0x08008444                USBD_StdDevReq
 .text.USBD_StdItfReq
                0x08008528       0xd8 ./Middlewares/ST/STM32_USB_Device_Library/Core/Src/usbd_ctlreq.o
                0x08008528                USBD_StdItfReq
 .text.USBD_StdEPReq
                0x08008600      0x33e ./Middlewares/ST/STM32_USB_Device_Library/Core/Src/usbd_ctlreq.o
                0x08008600                USBD_StdEPReq
 *fill*         0x0800893e        0x2 
 .text.USBD_GetDescriptor
                0x08008940      0x2d4 ./Middlewares/ST/STM32_USB_Device_Library/Core/Src/usbd_ctlreq.o
 .text.USBD_SetAddress
                0x08008c14       0x88 ./Middlewares/ST/STM32_USB_Device_Library/Core/Src/usbd_ctlreq.o
 .text.USBD_SetConfig
                0x08008c9c      0x154 ./Middlewares/ST/STM32_USB_Device_Library/Core/Src/usbd_ctlreq.o
 .text.USBD_GetConfig
                0x08008df0       0x6c ./Middlewares/ST/STM32_USB_Device_Library/Core/Src/usbd_ctlreq.o
 .text.USBD_GetStatus
                0x08008e5c       0x68 ./Middlewares/ST/STM32_USB_Device_Library/Core/Src/usbd_ctlreq.o
 .text.USBD_SetFeature
                0x08008ec4       0x52 ./Middlewares/ST/STM32_USB_Device_Library/Core/Src/usbd_ctlreq.o
 .text.USBD_ClrFeature
                0x08008f16       0x44 ./Middlewares/ST/STM32_USB_Device_Library/Core/Src/usbd_ctlreq.o
 .text.USBD_ParseSetupRequest
                0x08008f5a       0x74 ./Middlewares/ST/STM32_USB_Device_Library/Core/Src/usbd_ctlreq.o
                0x08008f5a                USBD_ParseSetupRequest
 .text.USBD_CtlError
                0x08008fce       0x22 ./Middlewares/ST/STM32_USB_Device_Library/Core/Src/usbd_ctlreq.o
                0x08008fce                USBD_CtlError
 .text.USBD_GetString
                0x08008ff0       0xa4 ./Middlewares/ST/STM32_USB_Device_Library/Core/Src/usbd_ctlreq.o
                0x08008ff0                USBD_GetString
 .text.USBD_GetLen
                0x08009094       0x34 ./Middlewares/ST/STM32_USB_Device_Library/Core/Src/usbd_ctlreq.o
 .text.USBD_CtlSendData
                0x080090c8       0x3c ./Middlewares/ST/STM32_USB_Device_Library/Core/Src/usbd_ioreq.o
                0x080090c8                USBD_CtlSendData
 .text.USBD_CtlContinueSendData
                0x08009104       0x22 ./Middlewares/ST/STM32_USB_Device_Library/Core/Src/usbd_ioreq.o
                0x08009104                USBD_CtlContinueSendData
 .text.USBD_CtlPrepareRx
                0x08009126       0x42 ./Middlewares/ST/STM32_USB_Device_Library/Core/Src/usbd_ioreq.o
                0x08009126                USBD_CtlPrepareRx
 .text.USBD_CtlContinueRx
                0x08009168       0x22 ./Middlewares/ST/STM32_USB_Device_Library/Core/Src/usbd_ioreq.o
                0x08009168                USBD_CtlContinueRx
 .text.USBD_CtlSendStatus
                0x0800918a       0x26 ./Middlewares/ST/STM32_USB_Device_Library/Core/Src/usbd_ioreq.o
                0x0800918a                USBD_CtlSendStatus
 .text.USBD_CtlReceiveStatus
                0x080091b0       0x26 ./Middlewares/ST/STM32_USB_Device_Library/Core/Src/usbd_ioreq.o
                0x080091b0                USBD_CtlReceiveStatus
 *fill*         0x080091d6        0x2 
 .text.MX_USB_DEVICE_Init
                0x080091d8       0x60 ./USB_DEVICE/App/usb_device.o
                0x080091d8                MX_USB_DEVICE_Init
 .text.CDC_Init_FS
                0x08009238       0x28 ./USB_DEVICE/App/usbd_cdc_if.o
 .text.CDC_DeInit_FS
                0x08009260       0x10 ./USB_DEVICE/App/usbd_cdc_if.o
 .text.CDC_Control_FS
                0x08009270       0xbc ./USB_DEVICE/App/usbd_cdc_if.o
 .text.CDC_Receive_FS
                0x0800932c       0x28 ./USB_DEVICE/App/usbd_cdc_if.o
 .text.CDC_Transmit_FS
                0x08009354       0x4c ./USB_DEVICE/App/usbd_cdc_if.o
                0x08009354                CDC_Transmit_FS
 .text.CDC_TransmitCplt_FS
                0x080093a0       0x22 ./USB_DEVICE/App/usbd_cdc_if.o
 *fill*         0x080093c2        0x2 
 .text.USBD_FS_DeviceDescriptor
                0x080093c4       0x24 ./USB_DEVICE/App/usbd_desc.o
                0x080093c4                USBD_FS_DeviceDescriptor
 .text.USBD_FS_LangIDStrDescriptor
                0x080093e8       0x24 ./USB_DEVICE/App/usbd_desc.o
                0x080093e8                USBD_FS_LangIDStrDescriptor
 .text.USBD_FS_ProductStrDescriptor
                0x0800940c       0x3c ./USB_DEVICE/App/usbd_desc.o
                0x0800940c                USBD_FS_ProductStrDescriptor
 .text.USBD_FS_ManufacturerStrDescriptor
                0x08009448       0x28 ./USB_DEVICE/App/usbd_desc.o
                0x08009448                USBD_FS_ManufacturerStrDescriptor
 .text.USBD_FS_SerialStrDescriptor
                0x08009470       0x24 ./USB_DEVICE/App/usbd_desc.o
                0x08009470                USBD_FS_SerialStrDescriptor
 .text.USBD_FS_ConfigStrDescriptor
                0x08009494       0x3c ./USB_DEVICE/App/usbd_desc.o
                0x08009494                USBD_FS_ConfigStrDescriptor
 .text.USBD_FS_InterfaceStrDescriptor
                0x080094d0       0x3c ./USB_DEVICE/App/usbd_desc.o
                0x080094d0                USBD_FS_InterfaceStrDescriptor
 .text.Get_SerialNum
                0x0800950c       0x58 ./USB_DEVICE/App/usbd_desc.o
 .text.IntToUnicode
                0x08009564       0x7e ./USB_DEVICE/App/usbd_desc.o
 *fill*         0x080095e2        0x2 
 .text.HAL_PCD_MspInit
                0x080095e4       0xc4 ./USB_DEVICE/Target/usbd_conf.o
                0x080095e4                HAL_PCD_MspInit
 .text.HAL_PCD_SetupStageCallback
                0x080096a8       0x24 ./USB_DEVICE/Target/usbd_conf.o
                0x080096a8                HAL_PCD_SetupStageCallback
 .text.HAL_PCD_DataOutStageCallback
                0x080096cc       0x36 ./USB_DEVICE/Target/usbd_conf.o
                0x080096cc                HAL_PCD_DataOutStageCallback
 .text.HAL_PCD_DataInStageCallback
                0x08009702       0x34 ./USB_DEVICE/Target/usbd_conf.o
                0x08009702                HAL_PCD_DataInStageCallback
 .text.HAL_PCD_SOFCallback
                0x08009736       0x1c ./USB_DEVICE/Target/usbd_conf.o
                0x08009736                HAL_PCD_SOFCallback
 .text.HAL_PCD_ResetCallback
                0x08009752       0x50 ./USB_DEVICE/Target/usbd_conf.o
                0x08009752                HAL_PCD_ResetCallback
 *fill*         0x080097a2        0x2 
 .text.HAL_PCD_SuspendCallback
                0x080097a4       0x4c ./USB_DEVICE/Target/usbd_conf.o
                0x080097a4                HAL_PCD_SuspendCallback
 .text.HAL_PCD_ResumeCallback
                0x080097f0       0x1c ./USB_DEVICE/Target/usbd_conf.o
                0x080097f0                HAL_PCD_ResumeCallback
 .text.HAL_PCD_ISOOUTIncompleteCallback
                0x0800980c       0x24 ./USB_DEVICE/Target/usbd_conf.o
                0x0800980c                HAL_PCD_ISOOUTIncompleteCallback
 .text.HAL_PCD_ISOINIncompleteCallback
                0x08009830       0x24 ./USB_DEVICE/Target/usbd_conf.o
                0x08009830                HAL_PCD_ISOINIncompleteCallback
 .text.HAL_PCD_ConnectCallback
                0x08009854       0x1c ./USB_DEVICE/Target/usbd_conf.o
                0x08009854                HAL_PCD_ConnectCallback
 .text.HAL_PCD_DisconnectCallback
                0x08009870       0x1c ./USB_DEVICE/Target/usbd_conf.o
                0x08009870                HAL_PCD_DisconnectCallback
 .text.USBD_LL_Init
                0x0800988c       0x98 ./USB_DEVICE/Target/usbd_conf.o
                0x0800988c                USBD_LL_Init
 .text.USBD_LL_Start
                0x08009924       0x36 ./USB_DEVICE/Target/usbd_conf.o
                0x08009924                USBD_LL_Start
 .text.USBD_LL_OpenEP
                0x0800995a       0x4c ./USB_DEVICE/Target/usbd_conf.o
                0x0800995a                USBD_LL_OpenEP
 .text.USBD_LL_CloseEP
                0x080099a6       0x3e ./USB_DEVICE/Target/usbd_conf.o
                0x080099a6                USBD_LL_CloseEP
 .text.USBD_LL_StallEP
                0x080099e4       0x3e ./USB_DEVICE/Target/usbd_conf.o
                0x080099e4                USBD_LL_StallEP
 .text.USBD_LL_ClearStallEP
                0x08009a22       0x3e ./USB_DEVICE/Target/usbd_conf.o
                0x08009a22                USBD_LL_ClearStallEP
 .text.USBD_LL_IsStallEP
                0x08009a60       0x58 ./USB_DEVICE/Target/usbd_conf.o
                0x08009a60                USBD_LL_IsStallEP
 .text.USBD_LL_SetUSBAddress
                0x08009ab8       0x3e ./USB_DEVICE/Target/usbd_conf.o
                0x08009ab8                USBD_LL_SetUSBAddress
 .text.USBD_LL_Transmit
                0x08009af6       0x42 ./USB_DEVICE/Target/usbd_conf.o
                0x08009af6                USBD_LL_Transmit
 .text.USBD_LL_PrepareReceive
                0x08009b38       0x42 ./USB_DEVICE/Target/usbd_conf.o
                0x08009b38                USBD_LL_PrepareReceive
 .text.USBD_LL_GetRxDataSize
                0x08009b7a       0x26 ./USB_DEVICE/Target/usbd_conf.o
                0x08009b7a                USBD_LL_GetRxDataSize
 .text.USBD_static_malloc
                0x08009ba0       0x1c ./USB_DEVICE/Target/usbd_conf.o
                0x08009ba0                USBD_static_malloc
 .text.USBD_static_free
                0x08009bbc       0x14 ./USB_DEVICE/Target/usbd_conf.o
                0x08009bbc                USBD_static_free
 .text.USBD_Get_USB_Status
                0x08009bd0       0x58 ./USB_DEVICE/Target/usbd_conf.o
                0x08009bd0                USBD_Get_USB_Status
 .text.memset   0x08009c28       0x10 C:/ST/STM32CubeIDE_1.19.0/STM32CubeIDE/plugins/com.st.stm32cube.ide.mcu.externaltools.gnu-tools-for-stm32.13.3.rel1.win32_1.0.0.202411081344/tools/bin/../lib/gcc/arm-none-eabi/13.3.1/../../../../arm-none-eabi/lib/thumb/v7e-m+fp/hard\libc_nano.a(libc_a-memset.o)
                0x08009c28                memset
 .text.__libc_init_array
                0x08009c38       0x48 C:/ST/STM32CubeIDE_1.19.0/STM32CubeIDE/plugins/com.st.stm32cube.ide.mcu.externaltools.gnu-tools-for-stm32.13.3.rel1.win32_1.0.0.202411081344/tools/bin/../lib/gcc/arm-none-eabi/13.3.1/../../../../arm-none-eabi/lib/thumb/v7e-m+fp/hard\libc_nano.a(libc_a-init.o)
                0x08009c38                __libc_init_array
 .text.memcpy   0x08009c80       0x1c C:/ST/STM32CubeIDE_1.19.0/STM32CubeIDE/plugins/com.st.stm32cube.ide.mcu.externaltools.gnu-tools-for-stm32.13.3.rel1.win32_1.0.0.202411081344/tools/bin/../lib/gcc/arm-none-eabi/13.3.1/../../../../arm-none-eabi/lib/thumb/v7e-m+fp/hard\libc_nano.a(libc_a-memcpy-stub.o)
                0x08009c80                memcpy
 *(.glue_7)
 .glue_7        0x08009c9c        0x0 linker stubs
 *(.glue_7t)
 .glue_7t       0x08009c9c        0x0 linker stubs
 *(.eh_frame)
 .eh_frame      0x08009c9c        0x0 C:/ST/STM32CubeIDE_1.19.0/STM32CubeIDE/plugins/com.st.stm32cube.ide.mcu.externaltools.gnu-tools-for-stm32.13.3.rel1.win32_1.0.0.202411081344/tools/bin/../lib/gcc/arm-none-eabi/13.3.1/thumb/v7e-m+fp/hard/crtbegin.o
 *(.init)
 .init          0x08009c9c        0x4 C:/ST/STM32CubeIDE_1.19.0/STM32CubeIDE/plugins/com.st.stm32cube.ide.mcu.externaltools.gnu-tools-for-stm32.13.3.rel1.win32_1.0.0.202411081344/tools/bin/../lib/gcc/arm-none-eabi/13.3.1/thumb/v7e-m+fp/hard/crti.o
                0x08009c9c                _init
 .init          0x08009ca0        0x8 C:/ST/STM32CubeIDE_1.19.0/STM32CubeIDE/plugins/com.st.stm32cube.ide.mcu.externaltools.gnu-tools-for-stm32.13.3.rel1.win32_1.0.0.202411081344/tools/bin/../lib/gcc/arm-none-eabi/13.3.1/thumb/v7e-m+fp/hard/crtn.o
 *(.fini)
 .fini          0x08009ca8        0x4 C:/ST/STM32CubeIDE_1.19.0/STM32CubeIDE/plugins/com.st.stm32cube.ide.mcu.externaltools.gnu-tools-for-stm32.13.3.rel1.win32_1.0.0.202411081344/tools/bin/../lib/gcc/arm-none-eabi/13.3.1/thumb/v7e-m+fp/hard/crti.o
                0x08009ca8                _fini
 .fini          0x08009cac        0x8 C:/ST/STM32CubeIDE_1.19.0/STM32CubeIDE/plugins/com.st.stm32cube.ide.mcu.externaltools.gnu-tools-for-stm32.13.3.rel1.win32_1.0.0.202411081344/tools/bin/../lib/gcc/arm-none-eabi/13.3.1/thumb/v7e-m+fp/hard/crtn.o
                0x08009cb4                        . = ALIGN (0x4)
                0x08009cb4                        _etext = .

.vfp11_veneer   0x08009cb4        0x0
 .vfp11_veneer  0x08009cb4        0x0 linker stubs

.v4_bx          0x08009cb4        0x0
 .v4_bx         0x08009cb4        0x0 linker stubs

.iplt           0x08009cb4        0x0
 .iplt          0x08009cb4        0x0 C:/ST/STM32CubeIDE_1.19.0/STM32CubeIDE/plugins/com.st.stm32cube.ide.mcu.externaltools.gnu-tools-for-stm32.13.3.rel1.win32_1.0.0.202411081344/tools/bin/../lib/gcc/arm-none-eabi/13.3.1/thumb/v7e-m+fp/hard/crtbegin.o

.rodata         0x08009cb4      0x160
                0x08009cb4                        . = ALIGN (0x4)
 *(.rodata)
 .rodata        0x08009cb4       0x46 ./USB_DEVICE/App/usbd_desc.o
 *(.rodata*)
 *fill*         0x08009cfa        0x2 
 .rodata.mavlink_sha256_constant_256
                0x08009cfc      0x100 ./Core/Src/main.o
 .rodata.AHBPrescTable
                0x08009dfc       0x10 ./Core/Src/system_stm32f4xx.o
                0x08009dfc                AHBPrescTable
 .rodata.APBPrescTable
                0x08009e0c        0x8 ./Core/Src/system_stm32f4xx.o
                0x08009e0c                APBPrescTable
                0x08009e14                        . = ALIGN (0x4)

.ARM.extab      0x08009e14        0x0
                0x08009e14                        . = ALIGN (0x4)
 *(.ARM.extab* .gnu.linkonce.armextab.*)
                0x08009e14                        . = ALIGN (0x4)

.ARM            0x08009e14        0x8
                0x08009e14                        . = ALIGN (0x4)
                0x08009e14                        __exidx_start = .
 *(.ARM.exidx*)
 .ARM.exidx     0x08009e14        0x8 C:/ST/STM32CubeIDE_1.19.0/STM32CubeIDE/plugins/com.st.stm32cube.ide.mcu.externaltools.gnu-tools-for-stm32.13.3.rel1.win32_1.0.0.202411081344/tools/bin/../lib/gcc/arm-none-eabi/13.3.1/thumb/v7e-m+fp/hard\libgcc.a(_udivmoddi4.o)
                0x08009e1c                        __exidx_end = .
                0x08009e1c                        . = ALIGN (0x4)

.preinit_array  0x08009e1c        0x0
                0x08009e1c                        . = ALIGN (0x4)
                0x08009e1c                        PROVIDE (__preinit_array_start = .)
 *(.preinit_array*)
                0x08009e1c                        PROVIDE (__preinit_array_end = .)
                0x08009e1c                        . = ALIGN (0x4)

.init_array     0x08009e1c        0x4
                0x08009e1c                        . = ALIGN (0x4)
                0x08009e1c                        PROVIDE (__init_array_start = .)
 *(SORT_BY_NAME(.init_array.*))
 *(.init_array*)
 .init_array    0x08009e1c        0x4 C:/ST/STM32CubeIDE_1.19.0/STM32CubeIDE/plugins/com.st.stm32cube.ide.mcu.externaltools.gnu-tools-for-stm32.13.3.rel1.win32_1.0.0.202411081344/tools/bin/../lib/gcc/arm-none-eabi/13.3.1/thumb/v7e-m+fp/hard/crtbegin.o
                0x08009e20                        PROVIDE (__init_array_end = .)
                0x08009e20                        . = ALIGN (0x4)

.fini_array     0x08009e20        0x4
                0x08009e20                        . = ALIGN (0x4)
                [!provide]                        PROVIDE (__fini_array_start = .)
 *(SORT_BY_NAME(.fini_array.*))
 *(.fini_array*)
 .fini_array    0x08009e20        0x4 C:/ST/STM32CubeIDE_1.19.0/STM32CubeIDE/plugins/com.st.stm32cube.ide.mcu.externaltools.gnu-tools-for-stm32.13.3.rel1.win32_1.0.0.202411081344/tools/bin/../lib/gcc/arm-none-eabi/13.3.1/thumb/v7e-m+fp/hard/crtbegin.o
                [!provide]                        PROVIDE (__fini_array_end = .)
                0x08009e24                        . = ALIGN (0x4)
                0x08009e24                        _sidata = LOADADDR (.data)

.rel.dyn        0x08009e24        0x0
 .rel.iplt      0x08009e24        0x0 C:/ST/STM32CubeIDE_1.19.0/STM32CubeIDE/plugins/com.st.stm32cube.ide.mcu.externaltools.gnu-tools-for-stm32.13.3.rel1.win32_1.0.0.202411081344/tools/bin/../lib/gcc/arm-none-eabi/13.3.1/thumb/v7e-m+fp/hard/crtbegin.o

.data           0x20000000       0xfc load address 0x08009e24
                0x20000000                        . = ALIGN (0x4)
                0x20000000                        _sdata = .
 *(.data)
 *(.data*)
 .data.SystemCoreClock
                0x20000000        0x4 ./Core/Src/system_stm32f4xx.o
                0x20000000                SystemCoreClock
 .data.uwTickPrio
                0x20000004        0x4 ./Drivers/STM32F4xx_HAL_Driver/Src/stm32f4xx_hal.o
                0x20000004                uwTickPrio
 .data.uwTickFreq
                0x20000008        0x1 ./Drivers/STM32F4xx_HAL_Driver/Src/stm32f4xx_hal.o
                0x20000008                uwTickFreq
 *fill*         0x20000009        0x3 
 .data.USBD_CDC_DeviceQualifierDesc
                0x2000000c        0xa ./Middlewares/ST/STM32_USB_Device_Library/Class/CDC/Src/usbd_cdc.o
 *fill*         0x20000016        0x2 
 .data.USBD_CDC
                0x20000018       0x38 ./Middlewares/ST/STM32_USB_Device_Library/Class/CDC/Src/usbd_cdc.o
                0x20000018                USBD_CDC
 .data.USBD_CDC_CfgDesc
                0x20000050       0x43 ./Middlewares/ST/STM32_USB_Device_Library/Class/CDC/Src/usbd_cdc.o
 .data.CDCInEpAdd
                0x20000093        0x1 ./Middlewares/ST/STM32_USB_Device_Library/Class/CDC/Src/usbd_cdc.o
 .data.CDCOutEpAdd
                0x20000094        0x1 ./Middlewares/ST/STM32_USB_Device_Library/Class/CDC/Src/usbd_cdc.o
 .data.CDCCmdEpAdd
                0x20000095        0x1 ./Middlewares/ST/STM32_USB_Device_Library/Class/CDC/Src/usbd_cdc.o
 *fill*         0x20000096        0x2 
 .data.USBD_Interface_fops_FS
                0x20000098       0x14 ./USB_DEVICE/App/usbd_cdc_if.o
                0x20000098                USBD_Interface_fops_FS
 .data.FS_Desc  0x200000ac       0x1c ./USB_DEVICE/App/usbd_desc.o
                0x200000ac                FS_Desc
 .data.USBD_FS_DeviceDesc
                0x200000c8       0x12 ./USB_DEVICE/App/usbd_desc.o
                0x200000c8                USBD_FS_DeviceDesc
 *fill*         0x200000da        0x2 
 .data.USBD_LangIDDesc
                0x200000dc        0x4 ./USB_DEVICE/App/usbd_desc.o
                0x200000dc                USBD_LangIDDesc
 .data.USBD_StringSerial
                0x200000e0       0x1a ./USB_DEVICE/App/usbd_desc.o
                0x200000e0                USBD_StringSerial
 *(.RamFunc)
 *(.RamFunc*)
                0x200000fc                        . = ALIGN (0x4)
 *fill*         0x200000fa        0x2 
                0x200000fc                        _edata = .
                0x08009f20                        _siccmram = LOADADDR (.ccmram)

.igot.plt       0x200000fc        0x0 load address 0x08009f20
 .igot.plt      0x200000fc        0x0 C:/ST/STM32CubeIDE_1.19.0/STM32CubeIDE/plugins/com.st.stm32cube.ide.mcu.externaltools.gnu-tools-for-stm32.13.3.rel1.win32_1.0.0.202411081344/tools/bin/../lib/gcc/arm-none-eabi/13.3.1/thumb/v7e-m+fp/hard/crtbegin.o

.ccmram         0x10000000        0x0 load address 0x08009f20
                0x10000000                        . = ALIGN (0x4)
                0x10000000                        _sccmram = .
 *(.ccmram)
 *(.ccmram*)
                0x10000000                        . = ALIGN (0x4)
                0x10000000                        _eccmram = .
                0x10000000                        . = ALIGN (0x4)

.bss            0x200000fc     0x1d58
                0x200000fc                        _sbss = .
                0x200000fc                        __bss_start__ = _sbss
 *(.bss)
 .bss           0x200000fc       0x1c C:/ST/STM32CubeIDE_1.19.0/STM32CubeIDE/plugins/com.st.stm32cube.ide.mcu.externaltools.gnu-tools-for-stm32.13.3.rel1.win32_1.0.0.202411081344/tools/bin/../lib/gcc/arm-none-eabi/13.3.1/thumb/v7e-m+fp/hard/crtbegin.o
 *(.bss*)
 .bss.hi2c1     0x20000118       0x54 ./Core/Src/main.o
                0x20000118                hi2c1
 .bss.hi2s3     0x2000016c       0x48 ./Core/Src/main.o
                0x2000016c                hi2s3
 .bss.hspi1     0x200001b4       0x58 ./Core/Src/main.o
                0x200001b4                hspi1
 .bss.m_mavlink_status.0
                0x2000020c       0x60 ./Core/Src/main.o
 .bss.uwTick    0x2000026c        0x4 ./Drivers/STM32F4xx_HAL_Driver/Src/stm32f4xx_hal.o
                0x2000026c                uwTick
 .bss.cfgidx.0  0x20000270        0x1 ./Middlewares/ST/STM32_USB_Device_Library/Core/Src/usbd_ctlreq.o
 *fill*         0x20000271        0x3 
 .bss.hUsbDeviceFS
                0x20000274      0x2dc ./USB_DEVICE/App/usb_device.o
                0x20000274                hUsbDeviceFS
 .bss.UserRxBufferFS
                0x20000550      0x800 ./USB_DEVICE/App/usbd_cdc_if.o
                0x20000550                UserRxBufferFS
 .bss.UserTxBufferFS
                0x20000d50      0x800 ./USB_DEVICE/App/usbd_cdc_if.o
                0x20000d50                UserTxBufferFS
 .bss.USBD_StrDesc
                0x20001550      0x200 ./USB_DEVICE/App/usbd_desc.o
                0x20001550                USBD_StrDesc
 .bss.hpcd_USB_OTG_FS
                0x20001750      0x4e4 ./USB_DEVICE/Target/usbd_conf.o
                0x20001750                hpcd_USB_OTG_FS
 .bss.mem.0     0x20001c34      0x220 ./USB_DEVICE/Target/usbd_conf.o
 *(COMMON)
                0x20001e54                        . = ALIGN (0x4)
                0x20001e54                        _ebss = .
                0x20001e54                        __bss_end__ = _ebss

._user_heap_stack
                0x20001e54      0x604
                0x20001e58                        . = ALIGN (0x8)
 *fill*         0x20001e54        0x4 
                [!provide]                        PROVIDE (end = .)
                0x20001e58                        PROVIDE (_end = .)
                0x20002058                        . = (. + _Min_Heap_Size)
 *fill*         0x20001e58      0x200 
                0x20002458                        . = (. + _Min_Stack_Size)
 *fill*         0x20002058      0x400 
                0x20002458                        . = ALIGN (0x8)

/DISCARD/
 libc.a(*)
 libm.a(*)
 libgcc.a(*)

.ARM.attributes
                0x00000000       0x30
 *(.ARM.attributes)
 .ARM.attributes
                0x00000000       0x22 C:/ST/STM32CubeIDE_1.19.0/STM32CubeIDE/plugins/com.st.stm32cube.ide.mcu.externaltools.gnu-tools-for-stm32.13.3.rel1.win32_1.0.0.202411081344/tools/bin/../lib/gcc/arm-none-eabi/13.3.1/thumb/v7e-m+fp/hard/crti.o
 .ARM.attributes
                0x00000022       0x34 C:/ST/STM32CubeIDE_1.19.0/STM32CubeIDE/plugins/com.st.stm32cube.ide.mcu.externaltools.gnu-tools-for-stm32.13.3.rel1.win32_1.0.0.202411081344/tools/bin/../lib/gcc/arm-none-eabi/13.3.1/thumb/v7e-m+fp/hard/crtbegin.o
 .ARM.attributes
                0x00000056       0x34 ./Core/Src/main.o
 .ARM.attributes
                0x0000008a       0x34 ./Core/Src/stm32f4xx_hal_msp.o
 .ARM.attributes
                0x000000be       0x34 ./Core/Src/stm32f4xx_it.o
 .ARM.attributes
                0x000000f2       0x34 ./Core/Src/system_stm32f4xx.o
 .ARM.attributes
                0x00000126       0x21 ./Core/Startup/startup_stm32f407vgtx.o
 .ARM.attributes
                0x00000147       0x34 ./Drivers/STM32F4xx_HAL_Driver/Src/stm32f4xx_hal.o
 .ARM.attributes
                0x0000017b       0x34 ./Drivers/STM32F4xx_HAL_Driver/Src/stm32f4xx_hal_cortex.o
 .ARM.attributes
                0x000001af       0x34 ./Drivers/STM32F4xx_HAL_Driver/Src/stm32f4xx_hal_gpio.o
 .ARM.attributes
                0x000001e3       0x34 ./Drivers/STM32F4xx_HAL_Driver/Src/stm32f4xx_hal_i2c.o
 .ARM.attributes
                0x00000217       0x34 ./Drivers/STM32F4xx_HAL_Driver/Src/stm32f4xx_hal_i2s.o
 .ARM.attributes
                0x0000024b       0x34 ./Drivers/STM32F4xx_HAL_Driver/Src/stm32f4xx_hal_i2s_ex.o
 .ARM.attributes
                0x0000027f       0x34 ./Drivers/STM32F4xx_HAL_Driver/Src/stm32f4xx_hal_pcd.o
 .ARM.attributes
                0x000002b3       0x34 ./Drivers/STM32F4xx_HAL_Driver/Src/stm32f4xx_hal_pcd_ex.o
 .ARM.attributes
                0x000002e7       0x34 ./Drivers/STM32F4xx_HAL_Driver/Src/stm32f4xx_hal_rcc.o
 .ARM.attributes
                0x0000031b       0x34 ./Drivers/STM32F4xx_HAL_Driver/Src/stm32f4xx_hal_rcc_ex.o
 .ARM.attributes
                0x0000034f       0x34 ./Drivers/STM32F4xx_HAL_Driver/Src/stm32f4xx_hal_spi.o
 .ARM.attributes
                0x00000383       0x34 ./Drivers/STM32F4xx_HAL_Driver/Src/stm32f4xx_ll_usb.o
 .ARM.attributes
                0x000003b7       0x34 ./Middlewares/ST/STM32_USB_Device_Library/Class/CDC/Src/usbd_cdc.o
 .ARM.attributes
                0x000003eb       0x34 ./Middlewares/ST/STM32_USB_Device_Library/Core/Src/usbd_core.o
 .ARM.attributes
                0x0000041f       0x34 ./Middlewares/ST/STM32_USB_Device_Library/Core/Src/usbd_ctlreq.o
 .ARM.attributes
                0x00000453       0x34 ./Middlewares/ST/STM32_USB_Device_Library/Core/Src/usbd_ioreq.o
 .ARM.attributes
                0x00000487       0x34 ./USB_DEVICE/App/usb_device.o
 .ARM.attributes
                0x000004bb       0x34 ./USB_DEVICE/App/usbd_cdc_if.o
 .ARM.attributes
                0x000004ef       0x34 ./USB_DEVICE/App/usbd_desc.o
 .ARM.attributes
                0x00000523       0x34 ./USB_DEVICE/Target/usbd_conf.o
 .ARM.attributes
                0x00000557       0x34 C:/ST/STM32CubeIDE_1.19.0/STM32CubeIDE/plugins/com.st.stm32cube.ide.mcu.externaltools.gnu-tools-for-stm32.13.3.rel1.win32_1.0.0.202411081344/tools/bin/../lib/gcc/arm-none-eabi/13.3.1/../../../../arm-none-eabi/lib/thumb/v7e-m+fp/hard\libc_nano.a(libc_a-memset.o)
 .ARM.attributes
                0x0000058b       0x34 C:/ST/STM32CubeIDE_1.19.0/STM32CubeIDE/plugins/com.st.stm32cube.ide.mcu.externaltools.gnu-tools-for-stm32.13.3.rel1.win32_1.0.0.202411081344/tools/bin/../lib/gcc/arm-none-eabi/13.3.1/../../../../arm-none-eabi/lib/thumb/v7e-m+fp/hard\libc_nano.a(libc_a-init.o)
 .ARM.attributes
                0x000005bf       0x34 C:/ST/STM32CubeIDE_1.19.0/STM32CubeIDE/plugins/com.st.stm32cube.ide.mcu.externaltools.gnu-tools-for-stm32.13.3.rel1.win32_1.0.0.202411081344/tools/bin/../lib/gcc/arm-none-eabi/13.3.1/../../../../arm-none-eabi/lib/thumb/v7e-m+fp/hard\libc_nano.a(libc_a-memcpy-stub.o)
 .ARM.attributes
                0x000005f3       0x22 C:/ST/STM32CubeIDE_1.19.0/STM32CubeIDE/plugins/com.st.stm32cube.ide.mcu.externaltools.gnu-tools-for-stm32.13.3.rel1.win32_1.0.0.202411081344/tools/bin/../lib/gcc/arm-none-eabi/13.3.1/thumb/v7e-m+fp/hard\libgcc.a(_aeabi_uldivmod.o)
 .ARM.attributes
                0x00000615       0x34 C:/ST/STM32CubeIDE_1.19.0/STM32CubeIDE/plugins/com.st.stm32cube.ide.mcu.externaltools.gnu-tools-for-stm32.13.3.rel1.win32_1.0.0.202411081344/tools/bin/../lib/gcc/arm-none-eabi/13.3.1/thumb/v7e-m+fp/hard\libgcc.a(_udivmoddi4.o)
 .ARM.attributes
                0x00000649       0x22 C:/ST/STM32CubeIDE_1.19.0/STM32CubeIDE/plugins/com.st.stm32cube.ide.mcu.externaltools.gnu-tools-for-stm32.13.3.rel1.win32_1.0.0.202411081344/tools/bin/../lib/gcc/arm-none-eabi/13.3.1/thumb/v7e-m+fp/hard\libgcc.a(_dvmd_tls.o)
 .ARM.attributes
                0x0000066b       0x22 C:/ST/STM32CubeIDE_1.19.0/STM32CubeIDE/plugins/com.st.stm32cube.ide.mcu.externaltools.gnu-tools-for-stm32.13.3.rel1.win32_1.0.0.202411081344/tools/bin/../lib/gcc/arm-none-eabi/13.3.1/thumb/v7e-m+fp/hard/crtn.o
OUTPUT(sida.elf elf32-littlearm)
LOAD linker stubs
LOAD C:/ST/STM32CubeIDE_1.19.0/STM32CubeIDE/plugins/com.st.stm32cube.ide.mcu.externaltools.gnu-tools-for-stm32.13.3.rel1.win32_1.0.0.202411081344/tools/bin/../lib/gcc/arm-none-eabi/13.3.1/../../../../arm-none-eabi/lib/thumb/v7e-m+fp/hard\libc.a
LOAD C:/ST/STM32CubeIDE_1.19.0/STM32CubeIDE/plugins/com.st.stm32cube.ide.mcu.externaltools.gnu-tools-for-stm32.13.3.rel1.win32_1.0.0.202411081344/tools/bin/../lib/gcc/arm-none-eabi/13.3.1/../../../../arm-none-eabi/lib/thumb/v7e-m+fp/hard\libm.a
LOAD C:/ST/STM32CubeIDE_1.19.0/STM32CubeIDE/plugins/com.st.stm32cube.ide.mcu.externaltools.gnu-tools-for-stm32.13.3.rel1.win32_1.0.0.202411081344/tools/bin/../lib/gcc/arm-none-eabi/13.3.1/thumb/v7e-m+fp/hard\libgcc.a

.debug_info     0x00000000    0x153ec
 .debug_info    0x00000000     0x214f ./Core/Src/main.o
 .debug_info    0x0000214f      0xfdc ./Core/Src/stm32f4xx_hal_msp.o
 .debug_info    0x0000312b      0x627 ./Core/Src/stm32f4xx_it.o
 .debug_info    0x00003752      0x512 ./Core/Src/system_stm32f4xx.o
 .debug_info    0x00003c64       0x30 ./Core/Startup/startup_stm32f407vgtx.o
 .debug_info    0x00003c94      0x944 ./Drivers/STM32F4xx_HAL_Driver/Src/stm32f4xx_hal.o
 .debug_info    0x000045d8      0xd8c ./Drivers/STM32F4xx_HAL_Driver/Src/stm32f4xx_hal_cortex.o
 .debug_info    0x00005364      0x6c3 ./Drivers/STM32F4xx_HAL_Driver/Src/stm32f4xx_hal_gpio.o
 .debug_info    0x00005a27     0x2415 ./Drivers/STM32F4xx_HAL_Driver/Src/stm32f4xx_hal_i2c.o
 .debug_info    0x00007e3c      0xe02 ./Drivers/STM32F4xx_HAL_Driver/Src/stm32f4xx_hal_i2s.o
 .debug_info    0x00008c3e      0xaae ./Drivers/STM32F4xx_HAL_Driver/Src/stm32f4xx_hal_i2s_ex.o
 .debug_info    0x000096ec     0x156f ./Drivers/STM32F4xx_HAL_Driver/Src/stm32f4xx_hal_pcd.o
 .debug_info    0x0000ac5b      0x6ea ./Drivers/STM32F4xx_HAL_Driver/Src/stm32f4xx_hal_pcd_ex.o
 .debug_info    0x0000b345      0x8c3 ./Drivers/STM32F4xx_HAL_Driver/Src/stm32f4xx_hal_rcc.o
 .debug_info    0x0000bc08      0x536 ./Drivers/STM32F4xx_HAL_Driver/Src/stm32f4xx_hal_rcc_ex.o
 .debug_info    0x0000c13e     0x1525 ./Drivers/STM32F4xx_HAL_Driver/Src/stm32f4xx_hal_spi.o
 .debug_info    0x0000d663     0x1993 ./Drivers/STM32F4xx_HAL_Driver/Src/stm32f4xx_ll_usb.o
 .debug_info    0x0000eff6     0x12b1 ./Middlewares/ST/STM32_USB_Device_Library/Class/CDC/Src/usbd_cdc.o
 .debug_info    0x000102a7      0xe12 ./Middlewares/ST/STM32_USB_Device_Library/Core/Src/usbd_core.o
 .debug_info    0x000110b9      0xaeb ./Middlewares/ST/STM32_USB_Device_Library/Core/Src/usbd_ctlreq.o
 .debug_info    0x00011ba4      0x762 ./Middlewares/ST/STM32_USB_Device_Library/Core/Src/usbd_ioreq.o
 .debug_info    0x00012306      0x70e ./USB_DEVICE/App/usb_device.o
 .debug_info    0x00012a14      0x907 ./USB_DEVICE/App/usbd_cdc_if.o
 .debug_info    0x0001331b      0x458 ./USB_DEVICE/App/usbd_desc.o
 .debug_info    0x00013773     0x1c79 ./USB_DEVICE/Target/usbd_conf.o

.debug_abbrev   0x00000000     0x38a9
 .debug_abbrev  0x00000000      0x44a ./Core/Src/main.o
 .debug_abbrev  0x0000044a      0x228 ./Core/Src/stm32f4xx_hal_msp.o
 .debug_abbrev  0x00000672      0x1a4 ./Core/Src/stm32f4xx_it.o
 .debug_abbrev  0x00000816      0x11a ./Core/Src/system_stm32f4xx.o
 .debug_abbrev  0x00000930       0x24 ./Core/Startup/startup_stm32f407vgtx.o
 .debug_abbrev  0x00000954      0x214 ./Drivers/STM32F4xx_HAL_Driver/Src/stm32f4xx_hal.o
 .debug_abbrev  0x00000b68      0x31d ./Drivers/STM32F4xx_HAL_Driver/Src/stm32f4xx_hal_cortex.o
 .debug_abbrev  0x00000e85      0x1d4 ./Drivers/STM32F4xx_HAL_Driver/Src/stm32f4xx_hal_gpio.o
 .debug_abbrev  0x00001059      0x2ad ./Drivers/STM32F4xx_HAL_Driver/Src/stm32f4xx_hal_i2c.o
 .debug_abbrev  0x00001306      0x25d ./Drivers/STM32F4xx_HAL_Driver/Src/stm32f4xx_hal_i2s.o
 .debug_abbrev  0x00001563      0x276 ./Drivers/STM32F4xx_HAL_Driver/Src/stm32f4xx_hal_i2s_ex.o
 .debug_abbrev  0x000017d9      0x2b9 ./Drivers/STM32F4xx_HAL_Driver/Src/stm32f4xx_hal_pcd.o
 .debug_abbrev  0x00001a92      0x1da ./Drivers/STM32F4xx_HAL_Driver/Src/stm32f4xx_hal_pcd_ex.o
 .debug_abbrev  0x00001c6c      0x2b7 ./Drivers/STM32F4xx_HAL_Driver/Src/stm32f4xx_hal_rcc.o
 .debug_abbrev  0x00001f23      0x1b0 ./Drivers/STM32F4xx_HAL_Driver/Src/stm32f4xx_hal_rcc_ex.o
 .debug_abbrev  0x000020d3      0x27a ./Drivers/STM32F4xx_HAL_Driver/Src/stm32f4xx_hal_spi.o
 .debug_abbrev  0x0000234d      0x2b3 ./Drivers/STM32F4xx_HAL_Driver/Src/stm32f4xx_ll_usb.o
 .debug_abbrev  0x00002600      0x2d2 ./Middlewares/ST/STM32_USB_Device_Library/Class/CDC/Src/usbd_cdc.o
 .debug_abbrev  0x000028d2      0x27c ./Middlewares/ST/STM32_USB_Device_Library/Core/Src/usbd_core.o
 .debug_abbrev  0x00002b4e      0x26f ./Middlewares/ST/STM32_USB_Device_Library/Core/Src/usbd_ctlreq.o
 .debug_abbrev  0x00002dbd      0x19a ./Middlewares/ST/STM32_USB_Device_Library/Core/Src/usbd_ioreq.o
 .debug_abbrev  0x00002f57      0x195 ./USB_DEVICE/App/usb_device.o
 .debug_abbrev  0x000030ec      0x29d ./USB_DEVICE/App/usbd_cdc_if.o
 .debug_abbrev  0x00003389      0x1e1 ./USB_DEVICE/App/usbd_desc.o
 .debug_abbrev  0x0000356a      0x33f ./USB_DEVICE/Target/usbd_conf.o

.debug_aranges  0x00000000     0x1268
 .debug_aranges
                0x00000000       0xd0 ./Core/Src/main.o
 .debug_aranges
                0x000000d0       0x50 ./Core/Src/stm32f4xx_hal_msp.o
 .debug_aranges
                0x00000120       0x68 ./Core/Src/stm32f4xx_it.o
 .debug_aranges
                0x00000188       0x28 ./Core/Src/system_stm32f4xx.o
 .debug_aranges
                0x000001b0       0x28 ./Core/Startup/startup_stm32f407vgtx.o
 .debug_aranges
                0x000001d8       0xf0 ./Drivers/STM32F4xx_HAL_Driver/Src/stm32f4xx_hal.o
 .debug_aranges
                0x000002c8      0x130 ./Drivers/STM32F4xx_HAL_Driver/Src/stm32f4xx_hal_cortex.o
 .debug_aranges
                0x000003f8       0x58 ./Drivers/STM32F4xx_HAL_Driver/Src/stm32f4xx_hal_gpio.o
 .debug_aranges
                0x00000450      0x2a8 ./Drivers/STM32F4xx_HAL_Driver/Src/stm32f4xx_hal_i2c.o
 .debug_aranges
                0x000006f8      0x108 ./Drivers/STM32F4xx_HAL_Driver/Src/stm32f4xx_hal_i2s.o
 .debug_aranges
                0x00000800       0x88 ./Drivers/STM32F4xx_HAL_Driver/Src/stm32f4xx_hal_i2s_ex.o
 .debug_aranges
                0x00000888      0x148 ./Drivers/STM32F4xx_HAL_Driver/Src/stm32f4xx_hal_pcd.o
 .debug_aranges
                0x000009d0       0x38 ./Drivers/STM32F4xx_HAL_Driver/Src/stm32f4xx_hal_pcd_ex.o
 .debug_aranges
                0x00000a08       0x88 ./Drivers/STM32F4xx_HAL_Driver/Src/stm32f4xx_hal_rcc.o
 .debug_aranges
                0x00000a90       0x48 ./Drivers/STM32F4xx_HAL_Driver/Src/stm32f4xx_hal_rcc_ex.o
 .debug_aranges
                0x00000ad8      0x1d0 ./Drivers/STM32F4xx_HAL_Driver/Src/stm32f4xx_hal_spi.o
 .debug_aranges
                0x00000ca8      0x1a0 ./Drivers/STM32F4xx_HAL_Driver/Src/stm32f4xx_ll_usb.o
 .debug_aranges
                0x00000e48       0x90 ./Middlewares/ST/STM32_USB_Device_Library/Class/CDC/Src/usbd_cdc.o
 .debug_aranges
                0x00000ed8       0xd8 ./Middlewares/ST/STM32_USB_Device_Library/Core/Src/usbd_core.o
 .debug_aranges
                0x00000fb0       0x90 ./Middlewares/ST/STM32_USB_Device_Library/Core/Src/usbd_ctlreq.o
 .debug_aranges
                0x00001040       0x50 ./Middlewares/ST/STM32_USB_Device_Library/Core/Src/usbd_ioreq.o
 .debug_aranges
                0x00001090       0x20 ./USB_DEVICE/App/usb_device.o
 .debug_aranges
                0x000010b0       0x48 ./USB_DEVICE/App/usbd_cdc_if.o
 .debug_aranges
                0x000010f8       0x60 ./USB_DEVICE/App/usbd_desc.o
 .debug_aranges
                0x00001158      0x110 ./USB_DEVICE/Target/usbd_conf.o

.debug_rnglists
                0x00000000      0xe0b
 .debug_rnglists
                0x00000000       0xa1 ./Core/Src/main.o
 .debug_rnglists
                0x000000a1       0x3a ./Core/Src/stm32f4xx_hal_msp.o
 .debug_rnglists
                0x000000db       0x49 ./Core/Src/stm32f4xx_it.o
 .debug_rnglists
                0x00000124       0x1a ./Core/Src/system_stm32f4xx.o
 .debug_rnglists
                0x0000013e       0x19 ./Core/Startup/startup_stm32f407vgtx.o
 .debug_rnglists
                0x00000157       0xaf ./Drivers/STM32F4xx_HAL_Driver/Src/stm32f4xx_hal.o
 .debug_rnglists
                0x00000206       0xe0 ./Drivers/STM32F4xx_HAL_Driver/Src/stm32f4xx_hal_cortex.o
 .debug_rnglists
                0x000002e6       0x3f ./Drivers/STM32F4xx_HAL_Driver/Src/stm32f4xx_hal_gpio.o
 .debug_rnglists
                0x00000325      0x23c ./Drivers/STM32F4xx_HAL_Driver/Src/stm32f4xx_hal_i2c.o
 .debug_rnglists
                0x00000561       0xcc ./Drivers/STM32F4xx_HAL_Driver/Src/stm32f4xx_hal_i2s.o
 .debug_rnglists
                0x0000062d       0x6a ./Drivers/STM32F4xx_HAL_Driver/Src/stm32f4xx_hal_i2s_ex.o
 .debug_rnglists
                0x00000697       0xfa ./Drivers/STM32F4xx_HAL_Driver/Src/stm32f4xx_hal_pcd.o
 .debug_rnglists
                0x00000791       0x26 ./Drivers/STM32F4xx_HAL_Driver/Src/stm32f4xx_hal_pcd_ex.o
 .debug_rnglists
                0x000007b7       0x66 ./Drivers/STM32F4xx_HAL_Driver/Src/stm32f4xx_hal_rcc.o
 .debug_rnglists
                0x0000081d       0x35 ./Drivers/STM32F4xx_HAL_Driver/Src/stm32f4xx_hal_rcc_ex.o
 .debug_rnglists
                0x00000852      0x16f ./Drivers/STM32F4xx_HAL_Driver/Src/stm32f4xx_hal_spi.o
 .debug_rnglists
                0x000009c1      0x147 ./Drivers/STM32F4xx_HAL_Driver/Src/stm32f4xx_ll_usb.o
 .debug_rnglists
                0x00000b08       0x6c ./Middlewares/ST/STM32_USB_Device_Library/Class/CDC/Src/usbd_cdc.o
 .debug_rnglists
                0x00000b74       0xa1 ./Middlewares/ST/STM32_USB_Device_Library/Core/Src/usbd_core.o
 .debug_rnglists
                0x00000c15       0x6e ./Middlewares/ST/STM32_USB_Device_Library/Core/Src/usbd_ctlreq.o
 .debug_rnglists
                0x00000c83       0x37 ./Middlewares/ST/STM32_USB_Device_Library/Core/Src/usbd_ioreq.o
 .debug_rnglists
                0x00000cba       0x13 ./USB_DEVICE/App/usb_device.o
 .debug_rnglists
                0x00000ccd       0x32 ./USB_DEVICE/App/usbd_cdc_if.o
 .debug_rnglists
                0x00000cff       0x43 ./USB_DEVICE/App/usbd_desc.o
 .debug_rnglists
                0x00000d42       0xc9 ./USB_DEVICE/Target/usbd_conf.o

.debug_macro    0x00000000    0x286a2
 .debug_macro   0x00000000      0xe2a ./Core/Src/main.o
 .debug_macro   0x00000e2a      0xad8 ./Core/Src/main.o
 .debug_macro   0x00001902      0x2a7 ./Core/Src/main.o
 .debug_macro   0x00001ba9       0x2e ./Core/Src/main.o
 .debug_macro   0x00001bd7       0x2f ./Core/Src/main.o
 .debug_macro   0x00001c06       0x22 ./Core/Src/main.o
 .debug_macro   0x00001c28       0x8e ./Core/Src/main.o
 .debug_macro   0x00001cb6       0x51 ./Core/Src/main.o
 .debug_macro   0x00001d07      0x103 ./Core/Src/main.o
 .debug_macro   0x00001e0a       0x6a ./Core/Src/main.o
 .debug_macro   0x00001e74      0x1df ./Core/Src/main.o
 .debug_macro   0x00002053       0x1c ./Core/Src/main.o
 .debug_macro   0x0000206f       0x22 ./Core/Src/main.o
 .debug_macro   0x00002091       0xfb ./Core/Src/main.o
 .debug_macro   0x0000218c     0x1011 ./Core/Src/main.o
 .debug_macro   0x0000319d      0x11f ./Core/Src/main.o
 .debug_macro   0x000032bc    0x15ea5 ./Core/Src/main.o
 .debug_macro   0x00019161       0x6d ./Core/Src/main.o
 .debug_macro   0x000191ce     0x3693 ./Core/Src/main.o
 .debug_macro   0x0001c861      0x190 ./Core/Src/main.o
 .debug_macro   0x0001c9f1       0x5c ./Core/Src/main.o
 .debug_macro   0x0001ca4d      0x980 ./Core/Src/main.o
 .debug_macro   0x0001d3cd      0x9e9 ./Core/Src/main.o
 .debug_macro   0x0001ddb6      0x115 ./Core/Src/main.o
 .debug_macro   0x0001decb      0x13e ./Core/Src/main.o
 .debug_macro   0x0001e009       0xa5 ./Core/Src/main.o
 .debug_macro   0x0001e0ae      0x174 ./Core/Src/main.o
 .debug_macro   0x0001e222      0x287 ./Core/Src/main.o
 .debug_macro   0x0001e4a9       0x5f ./Core/Src/main.o
 .debug_macro   0x0001e508      0x236 ./Core/Src/main.o
 .debug_macro   0x0001e73e      0x12c ./Core/Src/main.o
 .debug_macro   0x0001e86a      0x21e ./Core/Src/main.o
 .debug_macro   0x0001ea88       0x2e ./Core/Src/main.o
 .debug_macro   0x0001eab6      0x1b5 ./Core/Src/main.o
 .debug_macro   0x0001ec6b       0xd6 ./Core/Src/main.o
 .debug_macro   0x0001ed41      0x1a7 ./Core/Src/main.o
 .debug_macro   0x0001eee8       0x46 ./Core/Src/main.o
 .debug_macro   0x0001ef2e       0x4a ./Core/Src/main.o
 .debug_macro   0x0001ef78      0x127 ./Core/Src/main.o
 .debug_macro   0x0001f09f       0x7e ./Core/Src/main.o
 .debug_macro   0x0001f11d       0x89 ./Core/Src/main.o
 .debug_macro   0x0001f1a6      0x225 ./Core/Src/main.o
 .debug_macro   0x0001f3cb      0x293 ./Core/Src/main.o
 .debug_macro   0x0001f65e       0xba ./Core/Src/main.o
 .debug_macro   0x0001f718      0x12d ./Core/Src/main.o
 .debug_macro   0x0001f845      0x190 ./Core/Src/main.o
 .debug_macro   0x0001f9d5       0x61 ./Core/Src/main.o
 .debug_macro   0x0001fa36       0x2a ./Core/Src/main.o
 .debug_macro   0x0001fa60       0x43 ./Core/Src/main.o
 .debug_macro   0x0001faa3       0x34 ./Core/Src/main.o
 .debug_macro   0x0001fad7       0x16 ./Core/Src/main.o
 .debug_macro   0x0001faed       0x3c ./Core/Src/main.o
 .debug_macro   0x0001fb29      0x370 ./Core/Src/main.o
 .debug_macro   0x0001fe99       0x10 ./Core/Src/main.o
 .debug_macro   0x0001fea9       0x16 ./Core/Src/main.o
 .debug_macro   0x0001febf       0x4a ./Core/Src/main.o
 .debug_macro   0x0001ff09       0x34 ./Core/Src/main.o
 .debug_macro   0x0001ff3d       0x10 ./Core/Src/main.o
 .debug_macro   0x0001ff4d       0x58 ./Core/Src/main.o
 .debug_macro   0x0001ffa5       0x8e ./Core/Src/main.o
 .debug_macro   0x00020033       0x1c ./Core/Src/main.o
 .debug_macro   0x0002004f      0x185 ./Core/Src/main.o
 .debug_macro   0x000201d4       0x16 ./Core/Src/main.o
 .debug_macro   0x000201ea       0x16 ./Core/Src/main.o
 .debug_macro   0x00020200      0x146 ./Core/Src/main.o
 .debug_macro   0x00020346       0x16 ./Core/Src/main.o
 .debug_macro   0x0002035c       0x16 ./Core/Src/main.o
 .debug_macro   0x00020372       0x29 ./Core/Src/main.o
 .debug_macro   0x0002039b       0x16 ./Core/Src/main.o
 .debug_macro   0x000203b1       0x20 ./Core/Src/main.o
 .debug_macro   0x000203d1       0x65 ./Core/Src/main.o
 .debug_macro   0x00020436      0x20f ./Core/Src/main.o
 .debug_macro   0x00020645       0x2e ./Core/Src/main.o
 .debug_macro   0x00020673       0x1c ./Core/Src/main.o
 .debug_macro   0x0002068f       0x1c ./Core/Src/main.o
 .debug_macro   0x000206ab       0x22 ./Core/Src/main.o
 .debug_macro   0x000206cd       0xbf ./Core/Src/main.o
 .debug_macro   0x0002078c       0x34 ./Core/Src/main.o
 .debug_macro   0x000207c0       0x10 ./Core/Src/main.o
 .debug_macro   0x000207d0      0x19b ./Core/Src/main.o
 .debug_macro   0x0002096b       0x57 ./Core/Src/main.o
 .debug_macro   0x000209c2       0x18 ./Core/Src/main.o
 .debug_macro   0x000209da       0x7b ./Core/Src/main.o
 .debug_macro   0x00020a55      0x404 ./Core/Src/main.o
 .debug_macro   0x00020e59       0x34 ./Core/Src/main.o
 .debug_macro   0x00020e8d       0x34 ./Core/Src/main.o
 .debug_macro   0x00020ec1       0x34 ./Core/Src/main.o
 .debug_macro   0x00020ef5       0x3a ./Core/Src/main.o
 .debug_macro   0x00020f2f       0x34 ./Core/Src/main.o
 .debug_macro   0x00020f63       0x3a ./Core/Src/main.o
 .debug_macro   0x00020f9d       0x34 ./Core/Src/main.o
 .debug_macro   0x00020fd1       0x34 ./Core/Src/main.o
 .debug_macro   0x00021005       0x3a ./Core/Src/main.o
 .debug_macro   0x0002103f       0x34 ./Core/Src/main.o
 .debug_macro   0x00021073       0x3a ./Core/Src/main.o
 .debug_macro   0x000210ad       0x3a ./Core/Src/main.o
 .debug_macro   0x000210e7       0x34 ./Core/Src/main.o
 .debug_macro   0x0002111b       0x52 ./Core/Src/main.o
 .debug_macro   0x0002116d       0x34 ./Core/Src/main.o
 .debug_macro   0x000211a1       0x34 ./Core/Src/main.o
 .debug_macro   0x000211d5       0x34 ./Core/Src/main.o
 .debug_macro   0x00021209       0x34 ./Core/Src/main.o
 .debug_macro   0x0002123d       0x34 ./Core/Src/main.o
 .debug_macro   0x00021271       0x3a ./Core/Src/main.o
 .debug_macro   0x000212ab       0x34 ./Core/Src/main.o
 .debug_macro   0x000212df       0x34 ./Core/Src/main.o
 .debug_macro   0x00021313       0x34 ./Core/Src/main.o
 .debug_macro   0x00021347       0x34 ./Core/Src/main.o
 .debug_macro   0x0002137b       0x34 ./Core/Src/main.o
 .debug_macro   0x000213af       0x34 ./Core/Src/main.o
 .debug_macro   0x000213e3       0x34 ./Core/Src/main.o
 .debug_macro   0x00021417       0x34 ./Core/Src/main.o
 .debug_macro   0x0002144b       0x34 ./Core/Src/main.o
 .debug_macro   0x0002147f       0x34 ./Core/Src/main.o
 .debug_macro   0x000214b3       0x34 ./Core/Src/main.o
 .debug_macro   0x000214e7       0x34 ./Core/Src/main.o
 .debug_macro   0x0002151b       0x34 ./Core/Src/main.o
 .debug_macro   0x0002154f       0x34 ./Core/Src/main.o
 .debug_macro   0x00021583       0x34 ./Core/Src/main.o
 .debug_macro   0x000215b7       0x34 ./Core/Src/main.o
 .debug_macro   0x000215eb       0x34 ./Core/Src/main.o
 .debug_macro   0x0002161f       0x3a ./Core/Src/main.o
 .debug_macro   0x00021659       0x34 ./Core/Src/main.o
 .debug_macro   0x0002168d       0x34 ./Core/Src/main.o
 .debug_macro   0x000216c1       0x34 ./Core/Src/main.o
 .debug_macro   0x000216f5       0x40 ./Core/Src/main.o
 .debug_macro   0x00021735       0x34 ./Core/Src/main.o
 .debug_macro   0x00021769       0x3a ./Core/Src/main.o
 .debug_macro   0x000217a3       0x3a ./Core/Src/main.o
 .debug_macro   0x000217dd       0x34 ./Core/Src/main.o
 .debug_macro   0x00021811       0x34 ./Core/Src/main.o
 .debug_macro   0x00021845       0x34 ./Core/Src/main.o
 .debug_macro   0x00021879       0x34 ./Core/Src/main.o
 .debug_macro   0x000218ad       0x34 ./Core/Src/main.o
 .debug_macro   0x000218e1       0x34 ./Core/Src/main.o
 .debug_macro   0x00021915       0x34 ./Core/Src/main.o
 .debug_macro   0x00021949       0x34 ./Core/Src/main.o
 .debug_macro   0x0002197d       0x34 ./Core/Src/main.o
 .debug_macro   0x000219b1       0x34 ./Core/Src/main.o
 .debug_macro   0x000219e5       0x34 ./Core/Src/main.o
 .debug_macro   0x00021a19       0x34 ./Core/Src/main.o
 .debug_macro   0x00021a4d       0x40 ./Core/Src/main.o
 .debug_macro   0x00021a8d       0x3a ./Core/Src/main.o
 .debug_macro   0x00021ac7       0x34 ./Core/Src/main.o
 .debug_macro   0x00021afb       0x34 ./Core/Src/main.o
 .debug_macro   0x00021b2f       0x34 ./Core/Src/main.o
 .debug_macro   0x00021b63       0x34 ./Core/Src/main.o
 .debug_macro   0x00021b97       0x34 ./Core/Src/main.o
 .debug_macro   0x00021bcb       0x34 ./Core/Src/main.o
 .debug_macro   0x00021bff       0x34 ./Core/Src/main.o
 .debug_macro   0x00021c33       0x34 ./Core/Src/main.o
 .debug_macro   0x00021c67       0x3a ./Core/Src/main.o
 .debug_macro   0x00021ca1       0x34 ./Core/Src/main.o
 .debug_macro   0x00021cd5       0x3a ./Core/Src/main.o
 .debug_macro   0x00021d0f       0x3a ./Core/Src/main.o
 .debug_macro   0x00021d49       0x3a ./Core/Src/main.o
 .debug_macro   0x00021d83       0x3a ./Core/Src/main.o
 .debug_macro   0x00021dbd       0x34 ./Core/Src/main.o
 .debug_macro   0x00021df1       0x34 ./Core/Src/main.o
 .debug_macro   0x00021e25       0x34 ./Core/Src/main.o
 .debug_macro   0x00021e59       0x34 ./Core/Src/main.o
 .debug_macro   0x00021e8d       0x34 ./Core/Src/main.o
 .debug_macro   0x00021ec1       0x3a ./Core/Src/main.o
 .debug_macro   0x00021efb       0x34 ./Core/Src/main.o
 .debug_macro   0x00021f2f       0x34 ./Core/Src/main.o
 .debug_macro   0x00021f63       0x34 ./Core/Src/main.o
 .debug_macro   0x00021f97       0x34 ./Core/Src/main.o
 .debug_macro   0x00021fcb       0x3a ./Core/Src/main.o
 .debug_macro   0x00022005       0x34 ./Core/Src/main.o
 .debug_macro   0x00022039       0x34 ./Core/Src/main.o
 .debug_macro   0x0002206d       0x34 ./Core/Src/main.o
 .debug_macro   0x000220a1       0x34 ./Core/Src/main.o
 .debug_macro   0x000220d5       0x3a ./Core/Src/main.o
 .debug_macro   0x0002210f       0x34 ./Core/Src/main.o
 .debug_macro   0x00022143       0x34 ./Core/Src/main.o
 .debug_macro   0x00022177       0x3a ./Core/Src/main.o
 .debug_macro   0x000221b1       0x34 ./Core/Src/main.o
 .debug_macro   0x000221e5       0x34 ./Core/Src/main.o
 .debug_macro   0x00022219       0x3a ./Core/Src/main.o
 .debug_macro   0x00022253       0x34 ./Core/Src/main.o
 .debug_macro   0x00022287       0x34 ./Core/Src/main.o
 .debug_macro   0x000222bb       0x34 ./Core/Src/main.o
 .debug_macro   0x000222ef       0x34 ./Core/Src/main.o
 .debug_macro   0x00022323       0x3a ./Core/Src/main.o
 .debug_macro   0x0002235d       0x3a ./Core/Src/main.o
 .debug_macro   0x00022397       0x34 ./Core/Src/main.o
 .debug_macro   0x000223cb       0x3a ./Core/Src/main.o
 .debug_macro   0x00022405       0x34 ./Core/Src/main.o
 .debug_macro   0x00022439       0x34 ./Core/Src/main.o
 .debug_macro   0x0002246d       0x34 ./Core/Src/main.o
 .debug_macro   0x000224a1       0x40 ./Core/Src/main.o
 .debug_macro   0x000224e1       0x3a ./Core/Src/main.o
 .debug_macro   0x0002251b       0x3a ./Core/Src/main.o
 .debug_macro   0x00022555       0x34 ./Core/Src/main.o
 .debug_macro   0x00022589       0x40 ./Core/Src/main.o
 .debug_macro   0x000225c9       0x34 ./Core/Src/main.o
 .debug_macro   0x000225fd       0x52 ./Core/Src/main.o
 .debug_macro   0x0002264f       0x46 ./Core/Src/main.o
 .debug_macro   0x00022695       0x40 ./Core/Src/main.o
 .debug_macro   0x000226d5       0x3a ./Core/Src/main.o
 .debug_macro   0x0002270f       0x34 ./Core/Src/main.o
 .debug_macro   0x00022743       0x34 ./Core/Src/main.o
 .debug_macro   0x00022777       0x34 ./Core/Src/main.o
 .debug_macro   0x000227ab       0x34 ./Core/Src/main.o
 .debug_macro   0x000227df       0x34 ./Core/Src/main.o
 .debug_macro   0x00022813       0x34 ./Core/Src/main.o
 .debug_macro   0x00022847       0x3a ./Core/Src/main.o
 .debug_macro   0x00022881       0x34 ./Core/Src/main.o
 .debug_macro   0x000228b5       0x34 ./Core/Src/main.o
 .debug_macro   0x000228e9       0x34 ./Core/Src/main.o
 .debug_macro   0x0002291d       0x3a ./Core/Src/main.o
 .debug_macro   0x00022957       0x3a ./Core/Src/main.o
 .debug_macro   0x00022991       0x34 ./Core/Src/main.o
 .debug_macro   0x000229c5       0x34 ./Core/Src/main.o
 .debug_macro   0x000229f9       0x3a ./Core/Src/main.o
 .debug_macro   0x00022a33       0x34 ./Core/Src/main.o
 .debug_macro   0x00022a67       0x3a ./Core/Src/main.o
 .debug_macro   0x00022aa1       0x3a ./Core/Src/main.o
 .debug_macro   0x00022adb       0x3a ./Core/Src/main.o
 .debug_macro   0x00022b15       0x3a ./Core/Src/main.o
 .debug_macro   0x00022b4f       0x3a ./Core/Src/main.o
 .debug_macro   0x00022b89       0x3a ./Core/Src/main.o
 .debug_macro   0x00022bc3       0x34 ./Core/Src/main.o
 .debug_macro   0x00022bf7       0x3a ./Core/Src/main.o
 .debug_macro   0x00022c31       0x34 ./Core/Src/main.o
 .debug_macro   0x00022c65       0x40 ./Core/Src/main.o
 .debug_macro   0x00022ca5       0x46 ./Core/Src/main.o
 .debug_macro   0x00022ceb       0x34 ./Core/Src/main.o
 .debug_macro   0x00022d1f       0x3a ./Core/Src/main.o
 .debug_macro   0x00022d59       0x34 ./Core/Src/main.o
 .debug_macro   0x00022d8d       0x40 ./Core/Src/main.o
 .debug_macro   0x00022dcd       0x34 ./Core/Src/main.o
 .debug_macro   0x00022e01       0x34 ./Core/Src/main.o
 .debug_macro   0x00022e35       0x3a ./Core/Src/main.o
 .debug_macro   0x00022e6f       0x3a ./Core/Src/main.o
 .debug_macro   0x00022ea9       0x34 ./Core/Src/main.o
 .debug_macro   0x00022edd       0x40 ./Core/Src/main.o
 .debug_macro   0x00022f1d       0x34 ./Core/Src/main.o
 .debug_macro   0x00022f51       0x3a ./Core/Src/main.o
 .debug_macro   0x00022f8b       0x34 ./Core/Src/main.o
 .debug_macro   0x00022fbf       0x34 ./Core/Src/main.o
 .debug_macro   0x00022ff3       0x34 ./Core/Src/main.o
 .debug_macro   0x00023027       0x34 ./Core/Src/main.o
 .debug_macro   0x0002305b       0x34 ./Core/Src/main.o
 .debug_macro   0x0002308f       0x3a ./Core/Src/main.o
 .debug_macro   0x000230c9       0x46 ./Core/Src/main.o
 .debug_macro   0x0002310f       0x3a ./Core/Src/main.o
 .debug_macro   0x00023149       0x3a ./Core/Src/main.o
 .debug_macro   0x00023183       0x3a ./Core/Src/main.o
 .debug_macro   0x000231bd       0x34 ./Core/Src/main.o
 .debug_macro   0x000231f1       0x34 ./Core/Src/main.o
 .debug_macro   0x00023225       0x46 ./Core/Src/main.o
 .debug_macro   0x0002326b       0x46 ./Core/Src/main.o
 .debug_macro   0x000232b1       0x34 ./Core/Src/main.o
 .debug_macro   0x000232e5       0x40 ./Core/Src/main.o
 .debug_macro   0x00023325       0x40 ./Core/Src/main.o
 .debug_macro   0x00023365       0x40 ./Core/Src/main.o
 .debug_macro   0x000233a5       0x34 ./Core/Src/main.o
 .debug_macro   0x000233d9       0x40 ./Core/Src/main.o
 .debug_macro   0x00023419       0x3a ./Core/Src/main.o
 .debug_macro   0x00023453       0x34 ./Core/Src/main.o
 .debug_macro   0x00023487       0x40 ./Core/Src/main.o
 .debug_macro   0x000234c7       0x40 ./Core/Src/main.o
 .debug_macro   0x00023507       0x40 ./Core/Src/main.o
 .debug_macro   0x00023547       0x3a ./Core/Src/main.o
 .debug_macro   0x00023581       0x46 ./Core/Src/main.o
 .debug_macro   0x000235c7       0x7c ./Core/Src/main.o
 .debug_macro   0x00023643       0x52 ./Core/Src/main.o
 .debug_macro   0x00023695       0x34 ./Core/Src/main.o
 .debug_macro   0x000236c9       0x34 ./Core/Src/main.o
 .debug_macro   0x000236fd       0x4c ./Core/Src/main.o
 .debug_macro   0x00023749       0x34 ./Core/Src/main.o
 .debug_macro   0x0002377d       0x3a ./Core/Src/main.o
 .debug_macro   0x000237b7       0x3a ./Core/Src/main.o
 .debug_macro   0x000237f1       0x40 ./Core/Src/main.o
 .debug_macro   0x00023831       0x34 ./Core/Src/main.o
 .debug_macro   0x00023865       0x46 ./Core/Src/main.o
 .debug_macro   0x000238ab       0x34 ./Core/Src/main.o
 .debug_macro   0x000238df       0x34 ./Core/Src/main.o
 .debug_macro   0x00023913       0x46 ./Core/Src/main.o
 .debug_macro   0x00023959       0x34 ./Core/Src/main.o
 .debug_macro   0x0002398d       0x3a ./Core/Src/main.o
 .debug_macro   0x000239c7       0x34 ./Core/Src/main.o
 .debug_macro   0x000239fb       0x3a ./Core/Src/main.o
 .debug_macro   0x00023a35       0x3a ./Core/Src/main.o
 .debug_macro   0x00023a6f       0x88 ./Core/Src/main.o
 .debug_macro   0x00023af7       0x40 ./Core/Src/main.o
 .debug_macro   0x00023b37       0x52 ./Core/Src/main.o
 .debug_macro   0x00023b89       0x3a ./Core/Src/main.o
 .debug_macro   0x00023bc3       0x3a ./Core/Src/main.o
 .debug_macro   0x00023bfd       0x34 ./Core/Src/main.o
 .debug_macro   0x00023c31       0x3a ./Core/Src/main.o
 .debug_macro   0x00023c6b       0x34 ./Core/Src/main.o
 .debug_macro   0x00023c9f       0x34 ./Core/Src/main.o
 .debug_macro   0x00023cd3       0x34 ./Core/Src/main.o