../Core/Inc/mavlink/common/../checksum.h:35:20:crc_accumulate	24	static
../Core/Inc/mavlink/common/../checksum.h:52:20:crc_init	16	static
../Core/Inc/mavlink/common/../checksum.h:65:24:crc_calculate	24	static
../Core/Inc/mavlink/common/../checksum.h:85:20:crc_accumulate_buffer	32	static
../Core/Inc/mavlink/common/../mavlink_sha256.h:91:21:mavlink_sha256_init	16	static
../Core/Inc/mavlink/common/../mavlink_sha256.h:105:20:mavlink_sha256_calc	320	static
../Core/Inc/mavlink/common/../mavlink_sha256.h:152:21:mavlink_sha256_update	120	static
../Core/Inc/mavlink/common/../mavlink_sha256.h:192:21:mavlink_sha256_final_48	104	static
../Core/Inc/mavlink/common/../mavlink_helpers.h:27:34:mavlink_get_channel_status	16	static
../Core/Inc/mavlink/common/../mavlink_helpers.h:77:24:mavlink_sign_packet	144	static
../Core/Inc/mavlink/common/../mavlink_helpers.h:115:24:_mav_trim_payload	16	static
../Core/Inc/mavlink/common/../mavlink_helpers.h:227:25:mavlink_finalize_message_buffer	80	static
../Core/Inc/mavlink/common/../mavlink_helpers.h:296:25:mavlink_finalize_message_chan	40	static
../Core/Inc/mavlink/common/../mavlink_helpers.h:306:25:mavlink_finalize_message	32	static
../Core/Inc/mavlink/common/../mavlink_helpers.h:451:25:mavlink_msg_to_send_buffer	32	static
../Core/Inc/mavlink/common/./mavlink_msg_gps_raw_int.h:107:24:mavlink_msg_gps_raw_int_pack	96	static
../Core/Inc/mavlink/common/./mavlink_msg_attitude.h:71:24:mavlink_msg_attitude_pack	88	static
../Core/Inc/mavlink/common/../standard/./mavlink_msg_global_position_int.h:79:24:mavlink_msg_global_position_int_pack	64	static
../Core/Inc/mavlink/common/../standard/../minimal/./mavlink_msg_heartbeat.h:66:24:mavlink_msg_heartbeat_pack	40	static
../Core/Src/main.c:63:5:main	720	static
../Core/Src/main.c:220:6:HAL_UART_MspInit	48	static
../Core/Src/main.c:246:6:HAL_UART_RxCpltCallback	16	static
../Core/Src/main.c:264:6:Parse_GPS_NMEA	24	static
../Core/Src/main.c:278:6:Extract_GPGGA	56	static
../Core/Src/main.c:334:6:Extract_GPRMC	32	static
../Core/Src/main.c:367:13:MX_USART2_UART_Init	8	static
../Core/Src/main.c:383:6:SystemClock_Config	88	static
../Core/Src/main.c:417:13:MX_I2C1_Init	8	static
../Core/Src/main.c:434:13:MX_I2S3_Init	8	static
../Core/Src/main.c:451:13:MX_SPI1_Init	8	static
../Core/Src/main.c:471:13:MX_GPIO_Init	56	static
../Core/Src/main.c:498:6:Error_Handler	4	static,ignoring_inline_asm
